Archive member included to satisfy reference by file (symbol)

app/libapp.a(main.c.obj)      (--whole-archive)
zephyr/libzephyr.a(heap.c.obj)
                              (--whole-archive)
zephyr/libzephyr.a(cbprintf_packaged.c.obj)
                              (--whole-archive)
zephyr/libzephyr.a(printk.c.obj)
                              (--whole-archive)
zephyr/libzephyr.a(sem.c.obj)
                              (--whole-archive)
zephyr/libzephyr.a(thread_entry.c.obj)
                              (--whole-archive)
zephyr/libzephyr.a(cbprintf_complete.c.obj)
                              (--whole-archive)
zephyr/libzephyr.a(assert.c.obj)
                              (--whole-archive)
zephyr/libzephyr.a(dec.c.obj)
                              (--whole-archive)
zephyr/libzephyr.a(hex.c.obj)
                              (--whole-archive)
zephyr/libzephyr.a(rb.c.obj)  (--whole-archive)
zephyr/libzephyr.a(timeutil.c.obj)
                              (--whole-archive)
zephyr/libzephyr.a(bitarray.c.obj)
                              (--whole-archive)
zephyr/libzephyr.a(onoff.c.obj)
                              (--whole-archive)
zephyr/libzephyr.a(notify.c.obj)
                              (--whole-archive)
zephyr/libzephyr.a(ring_buffer.c.obj)
                              (--whole-archive)
zephyr/libzephyr.a(last_section_id.c.obj)
                              (--whole-archive)
zephyr/libzephyr.a(configs.c.obj)
                              (--whole-archive)
zephyr/libzephyr.a(mem_attr.c.obj)
                              (--whole-archive)
zephyr/libzephyr.a(tracing_none.c.obj)
                              (--whole-archive)
zephyr/libzephyr.a(banner.c.obj)
                              (--whole-archive)
zephyr/libzephyr.a(flash_map_partition_manager.c.obj)
                              (--whole-archive)
zephyr/arch/common/libarch__common.a(sw_isr_common.c.obj)
                              (--whole-archive)
zephyr/arch/arch/arm/core/libarch__arm__core.a(fatal.c.obj)
                              (--whole-archive)
zephyr/arch/arch/arm/core/libarch__arm__core.a(nmi.c.obj)
                              (--whole-archive)
zephyr/arch/arch/arm/core/libarch__arm__core.a(nmi_on_reset.S.obj)
                              (--whole-archive)
zephyr/arch/arch/arm/core/libarch__arm__core.a(tls.c.obj)
                              (--whole-archive)
zephyr/arch/arch/arm/core/cortex_m/libarch__arm__core__cortex_m.a(exc_exit.c.obj)
                              (--whole-archive)
zephyr/arch/arch/arm/core/cortex_m/libarch__arm__core__cortex_m.a(fault.c.obj)
                              (--whole-archive)
zephyr/arch/arch/arm/core/cortex_m/libarch__arm__core__cortex_m.a(fault_s.S.obj)
                              (--whole-archive)
zephyr/arch/arch/arm/core/cortex_m/libarch__arm__core__cortex_m.a(fpu.c.obj)
                              (--whole-archive)
zephyr/arch/arch/arm/core/cortex_m/libarch__arm__core__cortex_m.a(reset.S.obj)
                              (--whole-archive)
zephyr/arch/arch/arm/core/cortex_m/libarch__arm__core__cortex_m.a(scb.c.obj)
                              (--whole-archive)
zephyr/arch/arch/arm/core/cortex_m/libarch__arm__core__cortex_m.a(thread_abort.c.obj)
                              (--whole-archive)
zephyr/arch/arch/arm/core/cortex_m/libarch__arm__core__cortex_m.a(vector_table.S.obj)
                              (--whole-archive)
zephyr/arch/arch/arm/core/cortex_m/libarch__arm__core__cortex_m.a(swap_helper.S.obj)
                              (--whole-archive)
zephyr/arch/arch/arm/core/cortex_m/libarch__arm__core__cortex_m.a(irq_manage.c.obj)
                              (--whole-archive)
zephyr/arch/arch/arm/core/cortex_m/libarch__arm__core__cortex_m.a(prep_c.c.obj)
                              (--whole-archive)
zephyr/arch/arch/arm/core/cortex_m/libarch__arm__core__cortex_m.a(thread.c.obj)
                              (--whole-archive)
zephyr/arch/arch/arm/core/cortex_m/libarch__arm__core__cortex_m.a(cpu_idle.c.obj)
                              (--whole-archive)
zephyr/arch/arch/arm/core/cortex_m/libarch__arm__core__cortex_m.a(irq_init.c.obj)
                              (--whole-archive)
zephyr/arch/arch/arm/core/cortex_m/libarch__arm__core__cortex_m.a(isr_wrapper.c.obj)
                              (--whole-archive)
zephyr/arch/arch/arm/core/cortex_m/libarch__arm__core__cortex_m.a(__aeabi_read_tp.S.obj)
                              (--whole-archive)
zephyr/arch/arch/arm/core/cortex_m/cmse/libarch__arm__core__cortex_m__cmse.a(arm_core_cmse.c.obj)
                              (--whole-archive)
zephyr/arch/arch/arm/core/mpu/libarch__arm__core__mpu.a(arm_core_mpu.c.obj)
                              (--whole-archive)
zephyr/arch/arch/arm/core/mpu/libarch__arm__core__mpu.a(arm_mpu.c.obj)
                              (--whole-archive)
zephyr/arch/arch/arm/core/mpu/libarch__arm__core__mpu.a(arm_mpu_regions.c.obj)
                              (--whole-archive)
[...]
Memory Configuration

Name             Origin             Length             Attributes
FLASH            0x0000000000000000 0x0000000000165000 xr
RAM              0x0000000020000000 0x000000000002f000 xw
IDT_LIST         0x00000000ffff7fff 0x0000000000008000 xw
*default*        0x0000000000000000 0xffffffffffffffff

Linker script and memory map

                0x000000000000556c                vfprintf = __l_vfprintf
                0x0000000000000000                vfscanf = __l_vfscanf
LOAD zephyr/CMakeFiles/zephyr_final.dir/misc/empty_file.c.obj
LOAD zephyr/CMakeFiles/zephyr_final.dir/isr_tables.c.obj
LOAD zephyr/CMakeFiles/offsets.dir/./arch/arm/core/offsets/offsets.c.obj
LOAD app/libapp.a
LOAD zephyr/libzephyr.a
LOAD zephyr/arch/common/libarch__common.a
LOAD zephyr/arch/arch/arm/core/libarch__arm__core.a
LOAD zephyr/arch/arch/arm/core/cortex_m/libarch__arm__core__cortex_m.a
LOAD zephyr/arch/arch/arm/core/cortex_m/cmse/libarch__arm__core__cortex_m__cmse.a
LOAD zephyr/arch/arch/arm/core/mpu/libarch__arm__core__mpu.a
LOAD zephyr/lib/libc/picolibc/liblib__libc__picolibc.a
LOAD zephyr/lib/libc/common/liblib__libc__common.a
LOAD zephyr/soc/soc/nrf54l15/libsoc__nordic.a
LOAD zephyr/subsys/random/libsubsys__random.a
LOAD zephyr/drivers/cache/libdrivers__cache.a
LOAD zephyr/drivers/clock_control/libdrivers__clock_control.a
LOAD zephyr/drivers/console/libdrivers__console.a
LOAD zephyr/drivers/entropy/libdrivers__entropy.a
LOAD zephyr/drivers/gpio/libdrivers__gpio.a
LOAD zephyr/drivers/pinctrl/libdrivers__pinctrl.a
LOAD zephyr/drivers/serial/libdrivers__serial.a
LOAD zephyr/drivers/timer/libdrivers__timer.a
LOAD modules/nrf/subsys/nrf_security/src/zephyr/libmbedtls_zephyr.a
LOAD modules/hal_nordic/modules/hal_nordic/nrfx/libmodules__hal_nordic__nrfx.a
LOAD zephyr/kernel/libkernel.a
LOAD modules/nrf/subsys/nrf_security/src/libmbedcrypto.a
LOAD modules/nrf/subsys/nrf_security/src/core/nrf_oberon/libpsa_core.a
LOAD modules/nrf/subsys/nrf_security/src/drivers/cracen/libcracen_psa_driver.a
LOAD modules/nrf/subsys/nrf_security/src/libmbedcrypto_base.a
LOAD modules/nrf/subsys/nrf_security/src/libnrf_security_utils.a
LOAD zephyr/kernel/libkernel.a
LOAD zephyr/arch/common/libisr_tables.a
LOAD /home/ewout-laptop-ubuntu/ncs/toolchains/c5be9c56c7/opt/zephyr-sdk/arm-zephyr-eabi/bin/../lib/gcc/../../picolibc/arm-zephyr-eabi/lib/thumb/v8-m.main/nofp/libc.a
LOAD /home/ewout-laptop-ubuntu/ncs/toolchains/c5be9c56c7/opt/zephyr-sdk/arm-zephyr-eabi/bin/../lib/gcc/arm-zephyr-eabi/12.2.0/thumb/v8-m.main/nofp/libgcc.a
                0x0000000000000020                _region_min_align = 0x20

.rel.plt        0x0000000000000000        0x0
 *(SORT_BY_ALIGNMENT(.rel.plt))
                [!provide]                        PROVIDE (__rel_iplt_start = .)
 *(SORT_BY_ALIGNMENT(.rel.iplt))
 .rel.iplt      0x0000000000000000        0x0 zephyr/CMakeFiles/zephyr_final.dir/isr_tables.c.obj
                [!provide]                        PROVIDE (__rel_iplt_end = .)

.rela.plt       0x0000000000000000        0x0
 *(SORT_BY_ALIGNMENT(.rela.plt))
                [!provide]                        PROVIDE (__rela_iplt_start = .)
 *(SORT_BY_ALIGNMENT(.rela.iplt))
                [!provide]                        PROVIDE (__rela_iplt_end = .)

.rel.dyn
 *(SORT_BY_ALIGNMENT(.rel.*))

.rela.dyn
 *(SORT_BY_ALIGNMENT(.rela.*))

/DISCARD/
 *(SORT_BY_ALIGNMENT(.plt))

/DISCARD/
 *(SORT_BY_ALIGNMENT(.iplt))
                0x0000000000000000                __rom_region_start = 0x0

rom_start       0x0000000000000000      0x47c
                0x0000000000000000                __rom_start_address = .
 FILL mask 0x00
                0x0000000000000000                . = (. + (0x0 - (. - __rom_start_address)))
                0x0000000000000000                . = ALIGN (0x4)
                0x0000000000000000                . = ALIGN (0x80)
                0x0000000000000000                . = ALIGN (0x800)
                0x0000000000000000                _vector_start = .
 *(SORT_BY_ALIGNMENT(.exc_vector_table))
 *(SORT_BY_ALIGNMENT(.exc_vector_table.*))
 .exc_vector_table._vector_table_section
                0x0000000000000000       0x40 zephyr/arch/arch/arm/core/cortex_m/libarch__arm__core__cortex_m.a(vector_table.S.obj)
                0x0000000000000000                _vector_table
 *(SORT_BY_ALIGNMENT(.vectors))
                0x000000000000047c                _vector_end = .
                0x0000000000000040                . = ALIGN (0x4)
 *(SORT_BY_ALIGNMENT(.gnu.linkonce.irq_vector_table*))
 .gnu.linkonce.irq_vector_table
                0x0000000000000040      0x43c zephyr/CMakeFiles/zephyr_final.dir/isr_tables.c.obj
                0x0000000000000040                _irq_vector_table
                0x000000000000047c                _vector_end = .

text            0x000000000000047c     0x67dc
                0x000000000000047c                __text_region_start = .
 *(SORT_BY_ALIGNMENT(.text))
 .text          0x000000000000047c       0x30 /home/ewout-laptop-ubuntu/ncs/toolchains/c5be9c56c7/opt/zephyr-sdk/arm-zephyr-eabi/bin/../lib/gcc/arm-zephyr-eabi/12.2.0/thumb/v8-m.main/nofp/libgcc.a(_aeabi_uldivmod.o)
                0x000000000000047c                __aeabi_uldivmod
 .text          0x00000000000004ac        0x4 /home/ewout-laptop-ubuntu/ncs/toolchains/c5be9c56c7/opt/zephyr-sdk/arm-zephyr-eabi/bin/../lib/gcc/arm-zephyr-eabi/12.2.0/thumb/v8-m.main/nofp/libgcc.a(_dvmd_tls.o)
                0x00000000000004ac                __aeabi_ldiv0
                0x00000000000004ac                __aeabi_idiv0
 .text          0x00000000000004b0      0x29c /home/ewout-laptop-ubuntu/ncs/toolchains/c5be9c56c7/opt/zephyr-sdk/arm-zephyr-eabi/bin/../lib/gcc/arm-zephyr-eabi/12.2.0/thumb/v8-m.main/nofp/libgcc.a(_udivmoddi4.o)
                0x00000000000004b0                __udivmoddi4
 *(SORT_BY_ALIGNMENT(.text.*))
 .text.setup_leds
                0x000000000000074c       0x34 app/libapp.a(main.c.obj)
                0x000000000000074c                setup_leds
 .text.setup_buttons
                0x0000000000000780       0x34 app/libapp.a(main.c.obj)
                0x0000000000000780                setup_buttons
 .text.append_to_led_sequence
                0x00000000000007b4       0x30 app/libapp.a(main.c.obj)
                0x00000000000007b4                append_to_led_sequence
 .text.turn_on_current_led
                0x00000000000007e4       0x18 app/libapp.a(main.c.obj)
                0x00000000000007e4                turn_on_current_led
 .text.turn_off_current_led
                0x00000000000007fc       0x18 app/libapp.a(main.c.obj)
                0x00000000000007fc                turn_off_current_led
 .text.play_led_sequence
                0x0000000000000814       0x44 app/libapp.a(main.c.obj)
                0x0000000000000814                play_led_sequence
 .text.play_congratulations_sequence
                0x0000000000000858       0x9c app/libapp.a(main.c.obj)
                0x0000000000000858                play_congratulations_sequence
 .text.print_led_sequence
                0x00000000000008f4       0x40 app/libapp.a(main.c.obj)
                0x00000000000008f4                print_led_sequence
 .text.get_user_input_sequence
                0x0000000000000934       0x80 app/libapp.a(main.c.obj)
                0x0000000000000934                get_user_input_sequence
 .text.check_user_input_sequence
                0x00000000000009b4       0x48 app/libapp.a(main.c.obj)
                0x00000000000009b4                check_user_input_sequence
 .text.play_game
                0x00000000000009fc       0x64 app/libapp.a(main.c.obj)
                0x00000000000009fc                play_game
 .text.char_out
                0x0000000000000a60        0xc zephyr/libzephyr.a(printk.c.obj)
 .text.__printk_hook_install
                0x0000000000000a6c        0xc zephyr/libzephyr.a(printk.c.obj)
                0x0000000000000a6c                __printk_hook_install
 .text.vprintk  0x0000000000000a78       0x30 zephyr/libzephyr.a(printk.c.obj)
                0x0000000000000a78                vprintk
 .text.z_thread_entry
                0x0000000000000aa8       0x34 zephyr/libzephyr.a(thread_entry.c.obj)
                0x0000000000000aa8                z_thread_entry
 .text.process_event
                0x0000000000000adc      0x21c zephyr/libzephyr.a(onoff.c.obj)
 .text.mem_attr_get_regions
                0x0000000000000cf8        0xc zephyr/libzephyr.a(mem_attr.c.obj)
                0x0000000000000cf8                mem_attr_get_regions
 .text.boot_banner
                0x0000000000000d04       0x1c zephyr/libzephyr.a(banner.c.obj)
                0x0000000000000d04                boot_banner
 .text.z_SysNmiOnReset
                0x0000000000000d20        0x8 zephyr/arch/arch/arm/core/libarch__arm__core.a(nmi_on_reset.S.obj)
                0x0000000000000d20                z_SysNmiOnReset
 .text.arch_tls_stack_setup
                0x0000000000000d28       0x40 zephyr/arch/arch/arm/core/libarch__arm__core.a(tls.c.obj)
                0x0000000000000d28                arch_tls_stack_setup
 .text._HandlerModeExit
                0x0000000000000d68       0x20 zephyr/arch/arch/arm/core/cortex_m/libarch__arm__core__cortex_m.a(exc_exit.c.obj)
                0x0000000000000d68                z_arm_exc_exit
                0x0000000000000d68                z_arm_int_exit
 .text.usage_fault.constprop.0
                0x0000000000000d88       0x5c zephyr/arch/arch/arm/core/cortex_m/libarch__arm__core__cortex_m.a(fault.c.obj)
 .text.bus_fault.constprop.0
                0x0000000000000de4       0x6c zephyr/arch/arch/arm/core/cortex_m/libarch__arm__core__cortex_m.a(fault.c.obj)
 .text.mem_manage_fault.constprop.0
                0x0000000000000e50       0x78 zephyr/arch/arch/arm/core/cortex_m/libarch__arm__core__cortex_m.a(fault.c.obj)
 .text.z_arm_fault
                0x0000000000000ec8      0x124 zephyr/arch/arch/arm/core/cortex_m/libarch__arm__core__cortex_m.a(fault.c.obj)
                0x0000000000000ec8                z_arm_fault
 .text.z_arm_fault_init
                0x0000000000000fec       0x20 zephyr/arch/arch/arm/core/cortex_m/libarch__arm__core__cortex_m.a(fault.c.obj)
                0x0000000000000fec                z_arm_fault_init
 .text.__fault  0x000000000000100c       0x14 zephyr/arch/arch/arm/core/cortex_m/libarch__arm__core__cortex_m.a(fault_s.S.obj)
                0x000000000000100c                z_arm_bus_fault
                0x000000000000100c                z_arm_usage_fault
                0x000000000000100c                z_arm_mpu_fault
                0x000000000000100c                z_arm_exc_spurious
                0x000000000000100c                z_arm_debug_monitor
                0x000000000000100c                z_arm_hard_fault
 .text._reset_section
                0x0000000000001020       0x60 zephyr/arch/arch/arm/core/cortex_m/libarch__arm__core__cortex_m.a(reset.S.obj)
                0x0000000000001020                z_arm_reset
                0x0000000000001020                __start
 .text.z_arm_clear_arm_mpu_config
                0x0000000000001080       0x24 zephyr/arch/arch/arm/core/cortex_m/libarch__arm__core__cortex_m.a(scb.c.obj)
                0x0000000000001080                z_arm_clear_arm_mpu_config
 .text.z_arm_init_arch_hw_at_boot
                0x00000000000010a4       0x4c zephyr/arch/arch/arm/core/cortex_m/libarch__arm__core__cortex_m.a(scb.c.obj)
                0x00000000000010a4                z_arm_init_arch_hw_at_boot
 .text.z_impl_k_thread_abort
                0x00000000000010f0       0x2c zephyr/arch/arch/arm/core/cortex_m/libarch__arm__core__cortex_m.a(thread_abort.c.obj)
                0x00000000000010f0                z_impl_k_thread_abort
 .text.z_arm_pendsv
                0x000000000000111c       0x68 zephyr/arch/arch/arm/core/cortex_m/libarch__arm__core__cortex_m.a(swap_helper.S.obj)
                0x000000000000111c                z_arm_pendsv
 .text.z_arm_svc
                0x0000000000001184       0x24 zephyr/arch/arch/arm/core/cortex_m/libarch__arm__core__cortex_m.a(swap_helper.S.obj)
                0x0000000000001184                z_arm_svc
 .text.arm_irq_enable
                0x00000000000011a8       0x1c zephyr/arch/arch/arm/core/cortex_m/libarch__arm__core__cortex_m.a(irq_manage.c.obj)
                0x00000000000011a8                arm_irq_enable
 .text.arm_irq_disable
                0x00000000000011c4       0x28 zephyr/arch/arch/arm/core/cortex_m/libarch__arm__core__cortex_m.a(irq_manage.c.obj)
                0x00000000000011c4                arm_irq_disable
 .text.arm_irq_is_enabled
                0x00000000000011ec       0x1c zephyr/arch/arch/arm/core/cortex_m/libarch__arm__core__cortex_m.a(irq_manage.c.obj)
                0x00000000000011ec                arm_irq_is_enabled
 .text.arm_irq_priority_set
                0x0000000000001208       0x2c zephyr/arch/arch/arm/core/cortex_m/libarch__arm__core__cortex_m.a(irq_manage.c.obj)
                0x0000000000001208                arm_irq_priority_set
 .text.relocate_vector_table
                0x0000000000001234       0x1c zephyr/arch/arch/arm/core/cortex_m/libarch__arm__core__cortex_m.a(prep_c.c.obj)
                0x0000000000001234                relocate_vector_table
 .text.z_prep_c
                0x0000000000001250       0x28 zephyr/arch/arch/arm/core/cortex_m/libarch__arm__core__cortex_m.a(prep_c.c.obj)
                0x0000000000001250                z_prep_c
 .text.arch_new_thread
                0x0000000000001278       0x38 zephyr/arch/arch/arm/core/cortex_m/libarch__arm__core__cortex_m.a(thread.c.obj)
                0x0000000000001278                arch_new_thread
 .text.arch_switch_to_main_thread
                0x00000000000012b0       0x40 zephyr/arch/arch/arm/core/cortex_m/libarch__arm__core__cortex_m.a(thread.c.obj)
                0x00000000000012b0                arch_switch_to_main_thread
 .text.z_arm_cpu_idle_init
                0x00000000000012f0        0xc zephyr/arch/arch/arm/core/cortex_m/libarch__arm__core__cortex_m.a(cpu_idle.c.obj)
                0x00000000000012f0                z_arm_cpu_idle_init
 .text.z_arm_interrupt_init
                0x00000000000012fc       0x20 zephyr/arch/arch/arm/core/cortex_m/libarch__arm__core__cortex_m.a(irq_init.c.obj)
                0x00000000000012fc                z_arm_interrupt_init
 .text._isr_wrapper
                0x000000000000131c       0x24 zephyr/arch/arch/arm/core/cortex_m/libarch__arm__core__cortex_m.a(isr_wrapper.c.obj)
                0x000000000000131c                _isr_wrapper
 .text.z_arm_configure_static_mpu_regions
                0x0000000000001340       0x38 zephyr/arch/arch/arm/core/mpu/libarch__arm__core__mpu.a(arm_core_mpu.c.obj)
                0x0000000000001340                z_arm_configure_static_mpu_regions
 .text.region_init
                0x0000000000001378       0x34 zephyr/arch/arch/arm/core/mpu/libarch__arm__core__mpu.a(arm_mpu.c.obj)
 .text.region_allocate_and_init
                0x00000000000013ac       0x24 zephyr/arch/arch/arm/core/mpu/libarch__arm__core__mpu.a(arm_mpu.c.obj)
 .text.mpu_configure_regions_and_partition.constprop.0
                0x00000000000013d0      0x148 zephyr/arch/arch/arm/core/mpu/libarch__arm__core__mpu.a(arm_mpu.c.obj)
 .text.arm_core_mpu_enable
                0x0000000000001518       0x18 zephyr/arch/arch/arm/core/mpu/libarch__arm__core__mpu.a(arm_mpu.c.obj)
                0x0000000000001518                arm_core_mpu_enable
 .text.arm_core_mpu_disable
                0x0000000000001530       0x14 zephyr/arch/arch/arm/core/mpu/libarch__arm__core__mpu.a(arm_mpu.c.obj)
                0x0000000000001530                arm_core_mpu_disable
 .text.arm_core_mpu_configure_static_mpu_regions
                0x0000000000001544       0x14 zephyr/arch/arch/arm/core/mpu/libarch__arm__core__mpu.a(arm_mpu.c.obj)
                0x0000000000001544                arm_core_mpu_configure_static_mpu_regions
 .text.arm_core_mpu_mark_areas_for_dynamic_regions
                0x0000000000001558       0xb8 zephyr/arch/arch/arm/core/mpu/libarch__arm__core__mpu.a(arm_mpu.c.obj)
                0x0000000000001558                arm_core_mpu_mark_areas_for_dynamic_regions
 .text.z_arm_mpu_init
                0x0000000000001610      0x11c zephyr/arch/arch/arm/core/mpu/libarch__arm__core__mpu.a(arm_mpu.c.obj)
                0x0000000000001610                z_arm_mpu_init
 .text.z_impl_zephyr_fputc
                0x000000000000172c       0x10 zephyr/lib/libc/picolibc/liblib__libc__picolibc.a(stdio.c.obj)
                0x000000000000172c                z_impl_zephyr_fputc
 .text.__stdout_hook_install
                0x000000000000173c       0x18 zephyr/lib/libc/picolibc/liblib__libc__picolibc.a(stdio.c.obj)
                0x000000000000173c                __stdout_hook_install
 .text.malloc_prepare
                0x0000000000001754       0x24 zephyr/lib/libc/common/liblib__libc__common.a(malloc.c.obj)
 .text.nordicsemi_nrf54l_init
                0x0000000000001778       0xa4 zephyr/soc/soc/nrf54l15/libsoc__nordic.a(soc.c.obj)
                0x0000000000001778                nordicsemi_nrf54l_init
 .text.arch_busy_wait
                0x000000000000181c       0x24 zephyr/soc/soc/nrf54l15/libsoc__nordic.a(soc.c.obj)
                0x000000000000181c                arch_busy_wait
 .text.z_impl_sys_rand_get
                0x0000000000001840       0x40 zephyr/subsys/random/libsubsys__random.a(random_entropy_device.c.obj)
                0x0000000000001840                z_impl_sys_rand_get
 .text.cache_instr_enable
                0x0000000000001880       0x10 zephyr/drivers/cache/libdrivers__cache.a(cache_nrf.c.obj)
                0x0000000000001880                cache_instr_enable
 .text.onoff_stop
                0x0000000000001890       0x30 zephyr/drivers/clock_control/libdrivers__clock_control.a(clock_control_nrf.c.obj)
 .text.onoff_start
                0x00000000000018c0       0x44 zephyr/drivers/clock_control/libdrivers__clock_control.a(clock_control_nrf.c.obj)
 .text.generic_hfclk_stop
                0x0000000000001904       0x34 zephyr/drivers/clock_control/libdrivers__clock_control.a(clock_control_nrf.c.obj)
 .text.clk_init
                0x0000000000001938       0x5c zephyr/drivers/clock_control/libdrivers__clock_control.a(clock_control_nrf.c.obj)
 .text.api_blocking_start
                0x0000000000001994       0x34 zephyr/drivers/clock_control/libdrivers__clock_control.a(clock_control_nrf.c.obj)
 .text.clkstarted_handle.constprop.0
                0x00000000000019c8       0x4c zephyr/drivers/clock_control/libdrivers__clock_control.a(clock_control_nrf.c.obj)
 .text.generic_hfclk_start
                0x0000000000001a14       0x78 zephyr/drivers/clock_control/libdrivers__clock_control.a(clock_control_nrf.c.obj)
 .text.z_nrf_clock_control_lf_on
                0x0000000000001a8c       0xf4 zephyr/drivers/clock_control/libdrivers__clock_control.a(clock_control_nrf.c.obj)
                0x0000000000001a8c                z_nrf_clock_control_lf_on
 .text.uart_console_init
                0x0000000000001b80       0x28 zephyr/drivers/console/libdrivers__console.a(uart_console.c.obj)
 .text.console_out
                0x0000000000001ba8       0x28 zephyr/drivers/console/libdrivers__console.a(uart_console.c.obj)
 .text.nrf_cracen_get_entropy_isr
                0x0000000000001bd0       0x44 zephyr/drivers/entropy/libdrivers__entropy.a(entropy_nrf_cracen.c.obj)
 .text.nrf_cracen_cracen_init
                0x0000000000001c14       0x18 zephyr/drivers/entropy/libdrivers__entropy.a(entropy_nrf_cracen.c.obj)
 .text.gpio_nrfx_pin_configure
                0x0000000000001c2c      0x188 zephyr/drivers/gpio/libdrivers__gpio.a(gpio_nrfx.c.obj)
 .text.nrfx_gpio_handler
                0x0000000000001db4       0x58 zephyr/drivers/gpio/libdrivers__gpio.a(gpio_nrfx.c.obj)
 .text.gpio_nrfx_init
                0x0000000000001e0c       0x54 zephyr/drivers/gpio/libdrivers__gpio.a(gpio_nrfx.c.obj)
 .text.gpio_nrfx_pin_interrupt_configure
                0x0000000000001e60      0x11c zephyr/drivers/gpio/libdrivers__gpio.a(gpio_nrfx.c.obj)
 .text.nrf_gpio_pin_port_decode
                0x0000000000001f7c       0x20 zephyr/drivers/pinctrl/libdrivers__pinctrl.a(pinctrl_nrf.c.obj)
 .text.pinctrl_configure_pins
                0x0000000000001f9c      0x17c zephyr/drivers/pinctrl/libdrivers__pinctrl.a(pinctrl_nrf.c.obj)
                0x0000000000001f9c                pinctrl_configure_pins
 .text.uarte_nrfx_poll_out
                0x0000000000002118       0xb4 zephyr/drivers/serial/libdrivers__serial.a(uart_nrfx_uarte.c.obj)
 .text.sys_clock_timeout_handler
                0x00000000000021cc       0x40 zephyr/drivers/timer/libdrivers__timer.a(nrf_grtc_timer.c.obj)
 .text.sys_clock_driver_init
                0x000000000000220c       0x88 zephyr/drivers/timer/libdrivers__timer.a(nrf_grtc_timer.c.obj)
 .text.sys_clock_elapsed
                0x0000000000002294       0x20 zephyr/drivers/timer/libdrivers__timer.a(nrf_grtc_timer.c.obj)
                0x0000000000002294                sys_clock_elapsed
 .text.sys_clock_set_timeout
                0x00000000000022b4       0x50 zephyr/drivers/timer/libdrivers__timer.a(nrf_grtc_timer.c.obj)
                0x00000000000022b4                sys_clock_set_timeout
 .text.nrf54l_errata_31
                0x0000000000002304       0x20 modules/hal_nordic/modules/hal_nordic/nrfx/libmodules__hal_nordic__nrfx.a(system_nrf54l.c.obj)
 .text.nrf54l_handle_approtect_signal
                0x0000000000002324       0x34 modules/hal_nordic/modules/hal_nordic/nrfx/libmodules__hal_nordic__nrfx.a(system_nrf54l.c.obj)
 .text.SystemInit
                0x0000000000002358      0x12c modules/hal_nordic/modules/hal_nordic/nrfx/libmodules__hal_nordic__nrfx.a(system_nrf54l.c.obj)
                0x0000000000002358                SystemInit
 .text.nrfx_flag32_alloc
                0x0000000000002484       0x40 modules/hal_nordic/modules/hal_nordic/nrfx/libmodules__hal_nordic__nrfx.a(nrfx_flag32_allocator.c.obj)
                0x0000000000002484                nrfx_flag32_alloc
 .text.nrfx_flag32_free
                0x00000000000024c4       0x38 modules/hal_nordic/modules/hal_nordic/nrfx/libmodules__hal_nordic__nrfx.a(nrfx_flag32_allocator.c.obj)
                0x00000000000024c4                nrfx_flag32_free
 .text.clock_stop
                0x00000000000024fc       0xe8 modules/hal_nordic/modules/hal_nordic/nrfx/libmodules__hal_nordic__nrfx.a(nrfx_clock.c.obj)
 .text.nrfx_clock_init
                0x00000000000025e4       0x20 modules/hal_nordic/modules/hal_nordic/nrfx/libmodules__hal_nordic__nrfx.a(nrfx_clock.c.obj)
                0x00000000000025e4                nrfx_clock_init
 .text.nrfx_clock_enable
                0x0000000000002604       0x2c modules/hal_nordic/modules/hal_nordic/nrfx/libmodules__hal_nordic__nrfx.a(nrfx_clock.c.obj)
                0x0000000000002604                nrfx_clock_enable
 .text.nrfx_clock_start
                0x0000000000002630       0xe0 modules/hal_nordic/modules/hal_nordic/nrfx/libmodules__hal_nordic__nrfx.a(nrfx_clock.c.obj)
                0x0000000000002630                nrfx_clock_start
 .text.nrfx_power_clock_irq_handler
                0x0000000000002710       0x88 modules/hal_nordic/modules/hal_nordic/nrfx/libmodules__hal_nordic__nrfx.a(nrfx_clock.c.obj)
                0x0000000000002710                nrfx_power_clock_irq_handler
 .text.be_incr.constprop.0
                0x0000000000002798       0x1c modules/hal_nordic/modules/hal_nordic/nrfx/libmodules__hal_nordic__nrfx.a(nrfx_cracen.c.obj)
 .text.cm_aes_ecb.constprop.0
                0x00000000000027b4       0xb0 modules/hal_nordic/modules/hal_nordic/nrfx/libmodules__hal_nordic__nrfx.a(nrfx_cracen.c.obj)
 .text.ctr_drbg_update
                0x0000000000002864       0x70 modules/hal_nordic/modules/hal_nordic/nrfx/libmodules__hal_nordic__nrfx.a(nrfx_cracen.c.obj)
 .text.ctr_drbg_reseed
                0x00000000000028d4       0xd0 modules/hal_nordic/modules/hal_nordic/nrfx/libmodules__hal_nordic__nrfx.a(nrfx_cracen.c.obj)
 .text.nrfx_cracen_ctr_drbg_init
                0x00000000000029a4       0x40 modules/hal_nordic/modules/hal_nordic/nrfx/libmodules__hal_nordic__nrfx.a(nrfx_cracen.c.obj)
                0x00000000000029a4                nrfx_cracen_ctr_drbg_init
 .text.nrfx_cracen_ctr_drbg_random_get
                0x00000000000029e4       0x80 modules/hal_nordic/modules/hal_nordic/nrfx/libmodules__hal_nordic__nrfx.a(nrfx_cracen.c.obj)
                0x00000000000029e4                nrfx_cracen_ctr_drbg_random_get
 .text.nrf_gpio_pin_port_decode
                0x0000000000002a64       0x20 modules/hal_nordic/modules/hal_nordic/nrfx/libmodules__hal_nordic__nrfx.a(nrfx_gpiote.c.obj)
 .text.get_pin_idx
                0x0000000000002a84       0x14 modules/hal_nordic/modules/hal_nordic/nrfx/libmodules__hal_nordic__nrfx.a(nrfx_gpiote.c.obj)
 .text.release_handler
                0x0000000000002a98       0x74 modules/hal_nordic/modules/hal_nordic/nrfx/libmodules__hal_nordic__nrfx.a(nrfx_gpiote.c.obj)
 .text.latch_pending_read_and_check
                0x0000000000002b0c       0x58 modules/hal_nordic/modules/hal_nordic/nrfx/libmodules__hal_nordic__nrfx.a(nrfx_gpiote.c.obj)
 .text.pin_te_get.isra.0
                0x0000000000002b64       0x20 modules/hal_nordic/modules/hal_nordic/nrfx/libmodules__hal_nordic__nrfx.a(nrfx_gpiote.c.obj)
 .text.pin_is_output.isra.0
                0x0000000000002b84       0x24 modules/hal_nordic/modules/hal_nordic/nrfx/libmodules__hal_nordic__nrfx.a(nrfx_gpiote.c.obj)
 .text.pin_in_use_by_te.isra.0
                0x0000000000002ba8       0x24 modules/hal_nordic/modules/hal_nordic/nrfx/libmodules__hal_nordic__nrfx.a(nrfx_gpiote.c.obj)
 .text.irq_handler
                0x0000000000002bcc      0x1d4 modules/hal_nordic/modules/hal_nordic/nrfx/libmodules__hal_nordic__nrfx.a(nrfx_gpiote.c.obj)
 .text.pin_uninit
                0x0000000000002da0       0xa4 modules/hal_nordic/modules/hal_nordic/nrfx/libmodules__hal_nordic__nrfx.a(nrfx_gpiote.c.obj)
 .text.nrfx_gpiote_input_configure
                0x0000000000002e44      0x1d8 modules/hal_nordic/modules/hal_nordic/nrfx/libmodules__hal_nordic__nrfx.a(nrfx_gpiote.c.obj)
                0x0000000000002e44                nrfx_gpiote_input_configure
 .text.nrfx_gpiote_output_configure
                0x000000000000301c      0x128 modules/hal_nordic/modules/hal_nordic/nrfx/libmodules__hal_nordic__nrfx.a(nrfx_gpiote.c.obj)
                0x000000000000301c                nrfx_gpiote_output_configure
 .text.nrfx_gpiote_global_callback_set
                0x0000000000003144       0x1c modules/hal_nordic/modules/hal_nordic/nrfx/libmodules__hal_nordic__nrfx.a(nrfx_gpiote.c.obj)
                0x0000000000003144                nrfx_gpiote_global_callback_set
 .text.nrfx_gpiote_channel_get
                0x0000000000003160       0x3c modules/hal_nordic/modules/hal_nordic/nrfx/libmodules__hal_nordic__nrfx.a(nrfx_gpiote.c.obj)
                0x0000000000003160                nrfx_gpiote_channel_get
 .text.nrfx_gpiote_init
                0x000000000000319c       0x80 modules/hal_nordic/modules/hal_nordic/nrfx/libmodules__hal_nordic__nrfx.a(nrfx_gpiote.c.obj)
                0x000000000000319c                nrfx_gpiote_init
 .text.nrfx_gpiote_init_check
                0x000000000000321c       0x1c modules/hal_nordic/modules/hal_nordic/nrfx/libmodules__hal_nordic__nrfx.a(nrfx_gpiote.c.obj)
                0x000000000000321c                nrfx_gpiote_init_check
 .text.nrfx_gpiote_channel_free
                0x0000000000003238       0x10 modules/hal_nordic/modules/hal_nordic/nrfx/libmodules__hal_nordic__nrfx.a(nrfx_gpiote.c.obj)
                0x0000000000003238                nrfx_gpiote_channel_free
 .text.nrfx_gpiote_channel_alloc
                0x0000000000003248       0x10 modules/hal_nordic/modules/hal_nordic/nrfx/libmodules__hal_nordic__nrfx.a(nrfx_gpiote.c.obj)
                0x0000000000003248                nrfx_gpiote_channel_alloc
 .text.nrfx_gpiote_trigger_enable
                0x0000000000003258       0xb8 modules/hal_nordic/modules/hal_nordic/nrfx/libmodules__hal_nordic__nrfx.a(nrfx_gpiote.c.obj)
                0x0000000000003258                nrfx_gpiote_trigger_enable
 .text.nrfx_gpiote_20_irq_handler
                0x0000000000003310       0x10 modules/hal_nordic/modules/hal_nordic/nrfx/libmodules__hal_nordic__nrfx.a(nrfx_gpiote.c.obj)
                0x0000000000003310                nrfx_gpiote_20_irq_handler
 .text.nrfx_gpiote_30_irq_handler
                0x0000000000003320       0x10 modules/hal_nordic/modules/hal_nordic/nrfx/libmodules__hal_nordic__nrfx.a(nrfx_gpiote.c.obj)
                0x0000000000003320                nrfx_gpiote_30_irq_handler
 .text.cc_channel_prepare
                0x0000000000003330       0x40 modules/hal_nordic/modules/hal_nordic/nrfx/libmodules__hal_nordic__nrfx.a(nrfx_grtc.c.obj)
 .text.sleep_configure
                0x0000000000003370       0x24 modules/hal_nordic/modules/hal_nordic/nrfx/libmodules__hal_nordic__nrfx.a(nrfx_grtc.c.obj)
 .text.syscounter_check
                0x0000000000003394       0x38 modules/hal_nordic/modules/hal_nordic/nrfx/libmodules__hal_nordic__nrfx.a(nrfx_grtc.c.obj)
 .text.nrfx_grtc_syscounter_get
                0x00000000000033cc       0x48 modules/hal_nordic/modules/hal_nordic/nrfx/libmodules__hal_nordic__nrfx.a(nrfx_grtc.c.obj)
                0x00000000000033cc                nrfx_grtc_syscounter_get
 .text.nrfx_grtc_init
                0x0000000000003414      0x120 modules/hal_nordic/modules/hal_nordic/nrfx/libmodules__hal_nordic__nrfx.a(nrfx_grtc.c.obj)
                0x0000000000003414                nrfx_grtc_init
 .text.nrfx_grtc_syscounter_start
                0x0000000000003534       0xc8 modules/hal_nordic/modules/hal_nordic/nrfx/libmodules__hal_nordic__nrfx.a(nrfx_grtc.c.obj)
                0x0000000000003534                nrfx_grtc_syscounter_start
 .text.nrfx_grtc_syscounter_cc_absolute_set
                0x00000000000035fc       0x98 modules/hal_nordic/modules/hal_nordic/nrfx/libmodules__hal_nordic__nrfx.a(nrfx_grtc.c.obj)
                0x00000000000035fc                nrfx_grtc_syscounter_cc_absolute_set
 .text.nrfx_grtc_irq_handler
                0x0000000000003694       0xb0 modules/hal_nordic/modules/hal_nordic/nrfx/libmodules__hal_nordic__nrfx.a(nrfx_grtc.c.obj)
                0x0000000000003694                nrfx_grtc_irq_handler
 .text.__nrfy_internal_rramc_config_set.constprop.0.isra.0
                0x0000000000003744       0x18 modules/hal_nordic/modules/hal_nordic/nrfx/libmodules__hal_nordic__nrfx.a(nrfx_rramc.c.obj)
 .text.z_fatal_error
                0x000000000000375c       0x30 zephyr/kernel/libkernel.a(fatal.c.obj)
                0x000000000000375c                z_fatal_error
 .text.z_sys_init_run_level
                0x000000000000378c       0x30 zephyr/kernel/libkernel.a(init.c.obj)
 .text.bg_thread_main
                0x00000000000037bc       0xc0 zephyr/kernel/libkernel.a(init.c.obj)
 .text.z_bss_zero
                0x000000000000387c       0x18 zephyr/kernel/libkernel.a(init.c.obj)
                0x000000000000387c                z_bss_zero
 .text.z_init_cpu
                0x0000000000003894       0x68 zephyr/kernel/libkernel.a(init.c.obj)
                0x0000000000003894                z_init_cpu
 .text.z_cstart
                0x00000000000038fc       0xd0 zephyr/kernel/libkernel.a(init.c.obj)
                0x00000000000038fc                z_cstart
 .text.z_impl_k_mutex_lock
                0x00000000000039cc       0xf0 zephyr/kernel/libkernel.a(mutex.c.obj)
                0x00000000000039cc                z_impl_k_mutex_lock
 .text.z_impl_k_mutex_unlock
                0x0000000000003abc       0xa0 zephyr/kernel/libkernel.a(mutex.c.obj)
                0x0000000000003abc                z_impl_k_mutex_unlock
 .text.z_impl_k_sem_give
                0x0000000000003b5c       0x68 zephyr/kernel/libkernel.a(sem.c.obj)
                0x0000000000003b5c                z_impl_k_sem_give
 .text.z_impl_k_sem_take
                0x0000000000003bc4       0x4c zephyr/kernel/libkernel.a(sem.c.obj)
                0x0000000000003bc4                z_impl_k_sem_take
 .text.z_setup_new_thread
                0x0000000000003c10       0x80 zephyr/kernel/libkernel.a(thread.c.obj)
                0x0000000000003c10                z_setup_new_thread
 .text.z_dummy_thread_init
                0x0000000000003c90       0x18 zephyr/kernel/libkernel.a(thread.c.obj)
                0x0000000000003c90                z_dummy_thread_init
 .text.z_swap_irqlock
                0x0000000000003ca8       0x34 zephyr/kernel/libkernel.a(sched.c.obj)
 .text.ready_thread
                0x0000000000003cdc       0x84 zephyr/kernel/libkernel.a(sched.c.obj)
 .text.unready_thread
                0x0000000000003d60       0x54 zephyr/kernel/libkernel.a(sched.c.obj)
 .text.add_thread_timeout
                0x0000000000003db4       0x1c zephyr/kernel/libkernel.a(sched.c.obj)
 .text.move_thread_to_end_of_prio_q
                0x0000000000003dd0       0x90 zephyr/kernel/libkernel.a(sched.c.obj)
                0x0000000000003dd0                move_thread_to_end_of_prio_q
 .text.z_pend_curr
                0x0000000000003e60       0x44 zephyr/kernel/libkernel.a(sched.c.obj)
                0x0000000000003e60                z_pend_curr
 .text.z_thread_prio_set
                0x0000000000003ea4       0xe4 zephyr/kernel/libkernel.a(sched.c.obj)
                0x0000000000003ea4                z_thread_prio_set
 .text.z_reschedule
                0x0000000000003f88       0x24 zephyr/kernel/libkernel.a(sched.c.obj)
                0x0000000000003f88                z_reschedule
 .text.z_reschedule_irqlock
                0x0000000000003fac       0x28 zephyr/kernel/libkernel.a(sched.c.obj)
                0x0000000000003fac                z_reschedule_irqlock
 .text.k_sched_lock
                0x0000000000003fd4       0x28 zephyr/kernel/libkernel.a(sched.c.obj)
                0x0000000000003fd4                k_sched_lock
 .text.k_sched_unlock
                0x0000000000003ffc       0x68 zephyr/kernel/libkernel.a(sched.c.obj)
                0x0000000000003ffc                k_sched_unlock
 .text.z_sched_init
                0x0000000000004064       0x10 zephyr/kernel/libkernel.a(sched.c.obj)
                0x0000000000004064                z_sched_init
 .text.z_impl_k_yield
                0x0000000000004074       0x88 zephyr/kernel/libkernel.a(sched.c.obj)
                0x0000000000004074                z_impl_k_yield
 .text.z_tick_sleep
                0x00000000000040fc       0x78 zephyr/kernel/libkernel.a(sched.c.obj)
 .text.z_impl_k_sleep
                0x0000000000004174       0x5c zephyr/kernel/libkernel.a(sched.c.obj)
                0x0000000000004174                z_impl_k_sleep
 .text.z_impl_k_wakeup
                0x00000000000041d0       0x48 zephyr/kernel/libkernel.a(sched.c.obj)
                0x00000000000041d0                z_impl_k_wakeup
 .text.z_impl_k_sched_current_thread_query
                0x0000000000004218        0xc zephyr/kernel/libkernel.a(sched.c.obj)
                0x0000000000004218                z_impl_k_sched_current_thread_query
 .text.z_thread_abort
                0x0000000000004224      0x138 zephyr/kernel/libkernel.a(sched.c.obj)
                0x0000000000004224                z_thread_abort
 .text.slice_timeout
                0x000000000000435c       0x20 zephyr/kernel/libkernel.a(timeslicing.c.obj)
 .text.thread_is_sliceable
                0x000000000000437c       0x3c zephyr/kernel/libkernel.a(timeslicing.c.obj)
                0x000000000000437c                thread_is_sliceable
 .text.z_reset_time_slice
                0x00000000000043b8       0x50 zephyr/kernel/libkernel.a(timeslicing.c.obj)
                0x00000000000043b8                z_reset_time_slice
 .text.z_time_slice
                0x0000000000004408       0x60 zephyr/kernel/libkernel.a(timeslicing.c.obj)
                0x0000000000004408                z_time_slice
 .text.z_data_copy
                0x0000000000004468       0x38 zephyr/kernel/libkernel.a(xip.c.obj)
                0x0000000000004468                z_data_copy
 .text.first    0x00000000000044a0       0x10 zephyr/kernel/libkernel.a(timeout.c.obj)
 .text.elapsed  0x00000000000044b0       0x14 zephyr/kernel/libkernel.a(timeout.c.obj)
 .text.remove_timeout
                0x00000000000044c4       0x38 zephyr/kernel/libkernel.a(timeout.c.obj)
 .text.z_add_timeout
                0x00000000000044fc      0x124 zephyr/kernel/libkernel.a(timeout.c.obj)
                0x00000000000044fc                z_add_timeout
 .text.sys_clock_announce
                0x0000000000004620       0xbc zephyr/kernel/libkernel.a(timeout.c.obj)
                0x0000000000004620                sys_clock_announce
 .text.sys_clock_tick_get
                0x00000000000046dc       0x30 zephyr/kernel/libkernel.a(timeout.c.obj)
                0x00000000000046dc                sys_clock_tick_get
 .text.psa_get_initialized
                0x000000000000470c       0x4c modules/nrf/subsys/nrf_security/src/core/nrf_oberon/libpsa_core.a(psa_crypto.c.obj)
 .text.psa_generate_random
                0x0000000000004758       0x24 modules/nrf/subsys/nrf_security/src/core/nrf_oberon/libpsa_core.a(psa_crypto.c.obj)
                0x0000000000004758                psa_generate_random
 .text.mbedtls_psa_crypto_free
                0x000000000000477c       0x90 modules/nrf/subsys/nrf_security/src/core/nrf_oberon/libpsa_core.a(psa_crypto.c.obj)
                0x000000000000477c                mbedtls_psa_crypto_free
 .text.psa_crypto_init
                0x000000000000480c      0x104 modules/nrf/subsys/nrf_security/src/core/nrf_oberon/libpsa_core.a(psa_crypto.c.obj)
                0x000000000000480c                psa_crypto_init
 .text.psa_initialize_key_slots
                0x0000000000004910       0x10 modules/nrf/subsys/nrf_security/src/core/nrf_oberon/libpsa_core.a(psa_crypto_slot_management.c.obj)
                0x0000000000004910                psa_initialize_key_slots
 .text.psa_wipe_all_key_slots
                0x0000000000004920       0x34 modules/nrf/subsys/nrf_security/src/core/nrf_oberon/libpsa_core.a(psa_crypto_slot_management.c.obj)
                0x0000000000004920                psa_wipe_all_key_slots
 .text.mbedtls_free
                0x0000000000004954        0xc modules/nrf/subsys/nrf_security/src/core/nrf_oberon/libpsa_core.a(platform.c.obj)
                0x0000000000004954                mbedtls_free
 .text.mbedtls_platform_zeroize
                0x0000000000004960       0x18 modules/nrf/subsys/nrf_security/src/core/nrf_oberon/libpsa_core.a(platform_util.c.obj)
                0x0000000000004960                mbedtls_platform_zeroize
 .text.cracen_acquire
                0x0000000000004978       0x40 modules/nrf/subsys/nrf_security/src/drivers/cracen/libcracen_psa_driver.a(cracen.c.obj)
                0x0000000000004978                cracen_acquire
 .text.cracen_release
                0x00000000000049b8       0x6c modules/nrf/subsys/nrf_security/src/drivers/cracen/libcracen_psa_driver.a(cracen.c.obj)
                0x00000000000049b8                cracen_release
 .text.cracen_init
                0x0000000000004a24       0x5c modules/nrf/subsys/nrf_security/src/drivers/cracen/libcracen_psa_driver.a(cracen.c.obj)
                0x0000000000004a24                cracen_init
 .text.ctr_drbg_update
                0x0000000000004a80       0x9c modules/nrf/subsys/nrf_security/src/drivers/cracen/libcracen_psa_driver.a(ctr_drbg.c.obj)
 .text.cracen_init_random
                0x0000000000004b1c       0x70 modules/nrf/subsys/nrf_security/src/drivers/cracen/libcracen_psa_driver.a(ctr_drbg.c.obj)
                0x0000000000004b1c                cracen_init_random
 .text.cracen_get_random
                0x0000000000004b8c      0x110 modules/nrf/subsys/nrf_security/src/drivers/cracen/libcracen_psa_driver.a(ctr_drbg.c.obj)
                0x0000000000004b8c                cracen_get_random
 .text.lib_kmu_clear_all_events
                0x0000000000004c9c       0x24 modules/nrf/subsys/nrf_security/src/drivers/cracen/libcracen_psa_driver.a(lib_kmu.c.obj)
                0x0000000000004c9c                lib_kmu_clear_all_events
 .text.trigger_task_and_wait_for_event_or_error
                0x0000000000004cc0       0x54 modules/nrf/subsys/nrf_security/src/drivers/cracen/libcracen_psa_driver.a(lib_kmu.c.obj)
 .text.lib_kmu_provision_slot
                0x0000000000004d14       0x3c modules/nrf/subsys/nrf_security/src/drivers/cracen/libcracen_psa_driver.a(lib_kmu.c.obj)
                0x0000000000004d14                lib_kmu_provision_slot
 .text.lib_kmu_revoke_slot
                0x0000000000004d50       0x34 modules/nrf/subsys/nrf_security/src/drivers/cracen/libcracen_psa_driver.a(lib_kmu.c.obj)
                0x0000000000004d50                lib_kmu_revoke_slot
 .text.lib_kmu_read_metadata
                0x0000000000004d84       0x30 modules/nrf/subsys/nrf_security/src/drivers/cracen/libcracen_psa_driver.a(lib_kmu.c.obj)
                0x0000000000004d84                lib_kmu_read_metadata
 .text.cracen_kmu_provision
                0x0000000000004db4      0x250 modules/nrf/subsys/nrf_security/src/drivers/cracen/libcracen_psa_driver.a(kmu.c.obj)
                0x0000000000004db4                cracen_kmu_provision
 .text.cracen_provision_prot_ram_inv_data
                0x0000000000005004       0x7c modules/nrf/subsys/nrf_security/src/drivers/cracen/libcracen_psa_driver.a(kmu.c.obj)
                0x0000000000005004                cracen_provision_prot_ram_inv_data
 .text.sx_blkcipher_ecb_simple
                0x0000000000005080       0xa4 modules/nrf/subsys/nrf_security/src/drivers/cracen/libcracen_psa_driver.a(blkcipher.c.obj)
                0x0000000000005080                sx_blkcipher_ecb_simple
 .text.sx_trng_flush
                0x0000000000005124       0x30 modules/nrf/subsys/nrf_security/src/drivers/cracen/libcracen_psa_driver.a(trng.c.obj)
 .text.sx_trng_restart
                0x0000000000005154       0x28 modules/nrf/subsys/nrf_security/src/drivers/cracen/libcracen_psa_driver.a(trng.c.obj)
                0x0000000000005154                sx_trng_restart
 .text.sx_trng_open
                0x000000000000517c       0xa4 modules/nrf/subsys/nrf_security/src/drivers/cracen/libcracen_psa_driver.a(trng.c.obj)
                0x000000000000517c                sx_trng_open
 .text.sx_trng_get
                0x0000000000005220       0xd4 modules/nrf/subsys/nrf_security/src/drivers/cracen/libcracen_psa_driver.a(trng.c.obj)
                0x0000000000005220                sx_trng_get
 .text.sx_hw_reserve
                0x00000000000052f4       0x54 modules/nrf/subsys/nrf_security/src/drivers/cracen/libcracen_psa_driver.a(cmdma_hw.c.obj)
                0x00000000000052f4                sx_hw_reserve
 .text.sx_cmdma_release_hw
                0x0000000000005348       0x30 modules/nrf/subsys/nrf_security/src/drivers/cracen/libcracen_psa_driver.a(cmdma_hw.c.obj)
                0x0000000000005348                sx_cmdma_release_hw
 .text.cracen_isr_handler
                0x0000000000005378       0x68 modules/nrf/subsys/nrf_security/src/drivers/cracen/libcracen_psa_driver.a(interrupts.c.obj)
                0x0000000000005378                cracen_isr_handler
 .text.cracen_interrupts_init
                0x00000000000053e0       0x28 modules/nrf/subsys/nrf_security/src/drivers/cracen/libcracen_psa_driver.a(interrupts.c.obj)
                0x00000000000053e0                cracen_interrupts_init
 .text.cracen_wait_for_cm_interrupt
                0x0000000000005408       0x30 modules/nrf/subsys/nrf_security/src/drivers/cracen/libcracen_psa_driver.a(interrupts.c.obj)
                0x0000000000005408                cracen_wait_for_cm_interrupt
 .text.sx_pk_fetch_capabilities
                0x0000000000005438       0x24 modules/nrf/subsys/nrf_security/src/drivers/cracen/libcracen_psa_driver.a(pk_baremetal.c.obj)
                0x0000000000005438                sx_pk_fetch_capabilities
 .text.sx_pk_init
                0x000000000000545c       0x3c modules/nrf/subsys/nrf_security/src/drivers/cracen/libcracen_psa_driver.a(pk_baremetal.c.obj)
                0x000000000000545c                sx_pk_init
 .text.sx_get_current_req
                0x0000000000005498        0x8 modules/nrf/subsys/nrf_security/src/drivers/cracen/libcracen_psa_driver.a(pk_baremetal.c.obj)
                0x0000000000005498                sx_get_current_req
 .text.k_event_post_internal
                0x00000000000054a0       0x5c zephyr/kernel/libkernel.a(events.c.obj)
 .text.printf   0x00000000000054fc       0x24 /home/ewout-laptop-ubuntu/ncs/toolchains/c5be9c56c7/opt/zephyr-sdk/arm-zephyr-eabi/bin/../lib/gcc/../../picolibc/arm-zephyr-eabi/lib/thumb/v8-m.main/nofp/libc.a(libc_tinystdio_printf.c.o)
                0x00000000000054fc                printf
 .text.putchar  0x0000000000005520        0xc /home/ewout-laptop-ubuntu/ncs/toolchains/c5be9c56c7/opt/zephyr-sdk/arm-zephyr-eabi/bin/../lib/gcc/../../picolibc/arm-zephyr-eabi/lib/thumb/v8-m.main/nofp/libc.a(libc_tinystdio_putchar.c.o)
                0x0000000000005520                putchar
                0x0000000000005520                putchar_unlocked
 .text.puts     0x000000000000552c       0x40 /home/ewout-laptop-ubuntu/ncs/toolchains/c5be9c56c7/opt/zephyr-sdk/arm-zephyr-eabi/bin/../lib/gcc/../../picolibc/arm-zephyr-eabi/lib/thumb/v8-m.main/nofp/libc.a(libc_tinystdio_puts.c.o)
                0x000000000000552c                puts
 .text.__l_vfprintf
                0x000000000000556c      0x4b4 /home/ewout-laptop-ubuntu/ncs/toolchains/c5be9c56c7/opt/zephyr-sdk/arm-zephyr-eabi/bin/../lib/gcc/../../picolibc/arm-zephyr-eabi/lib/thumb/v8-m.main/nofp/libc.a(libc_tinystdio_vflprintf.c.o)
                0x000000000000556c                __l_vfprintf
 .text._OffsetAbsSyms
                0x0000000000005a20        0x2 zephyr/CMakeFiles/offsets.dir/./arch/arm/core/offsets/offsets.c.obj
                0x0000000000005a20                _OffsetAbsSyms
 .text.gpio_pin_configure_dt
                0x0000000000005a22       0x3e app/libapp.a(main.c.obj)
 .text.gpio_pin_get
                0x0000000000005a60       0x28 app/libapp.a(main.c.obj)
 .text.gpio_pin_set_dt.isra.0
                0x0000000000005a88       0x28 app/libapp.a(main.c.obj)
 .text.k_sleep.isra.0
                0x0000000000005ab0        0x4 app/libapp.a(main.c.obj)
 .text.main     0x0000000000005ab4       0x22 app/libapp.a(main.c.obj)
                0x0000000000005ab4                main
 .text.chunk_field
                0x0000000000005ad6       0x16 zephyr/libzephyr.a(heap.c.obj)
 .text.chunk_set
                0x0000000000005aec       0x16 zephyr/libzephyr.a(heap.c.obj)
 .text.chunk_size
                0x0000000000005b02        0xc zephyr/libzephyr.a(heap.c.obj)
 .text.set_chunk_used
                0x0000000000005b0e       0x30 zephyr/libzephyr.a(heap.c.obj)
 .text.set_chunk_size
                0x0000000000005b3e        0x8 zephyr/libzephyr.a(heap.c.obj)
 .text.bucket_idx.isra.0
                0x0000000000005b46       0x1c zephyr/libzephyr.a(heap.c.obj)
 .text.free_list_add
                0x0000000000005b62       0x84 zephyr/libzephyr.a(heap.c.obj)
 .text.sys_heap_init
                0x0000000000005be6       0xb0 zephyr/libzephyr.a(heap.c.obj)
                0x0000000000005be6                sys_heap_init
 .text.arch_printk_char_out
                0x0000000000005c96        0x4 zephyr/libzephyr.a(printk.c.obj)
                0x0000000000005c96                arch_printk_char_out
 .text.printk   0x0000000000005c9a       0x1a zephyr/libzephyr.a(printk.c.obj)
                0x0000000000005c9a                printk
 .text.process_recheck
                0x0000000000005cb4       0x38 zephyr/libzephyr.a(onoff.c.obj)
 .text.validate_args
                0x0000000000005cec       0x20 zephyr/libzephyr.a(onoff.c.obj)
 .text.notify_one
                0x0000000000005d0c       0x2c zephyr/libzephyr.a(onoff.c.obj)
 .text.transition_complete
                0x0000000000005d38       0x1a zephyr/libzephyr.a(onoff.c.obj)
 .text.onoff_manager_init
                0x0000000000005d52       0x26 zephyr/libzephyr.a(onoff.c.obj)
                0x0000000000005d52                onoff_manager_init
 .text.onoff_request
                0x0000000000005d78       0xae zephyr/libzephyr.a(onoff.c.obj)
                0x0000000000005d78                onoff_request
 .text.sys_notify_validate
                0x0000000000005e26       0x22 zephyr/libzephyr.a(notify.c.obj)
                0x0000000000005e26                sys_notify_validate
 .text.sys_notify_finalize
                0x0000000000005e48       0x1a zephyr/libzephyr.a(notify.c.obj)
                0x0000000000005e48                sys_notify_finalize
 .text._ConfigAbsSyms
                0x0000000000005e62        0x2 zephyr/libzephyr.a(configs.c.obj)
                0x0000000000005e62                _ConfigAbsSyms
 .text.z_arm_fatal_error
                0x0000000000005e64        0xc zephyr/arch/arch/arm/core/libarch__arm__core.a(fatal.c.obj)
                0x0000000000005e64                z_arm_fatal_error
 .text.z_do_kernel_oops
                0x0000000000005e70        0x8 zephyr/arch/arch/arm/core/libarch__arm__core.a(fatal.c.obj)
                0x0000000000005e70                z_do_kernel_oops
 .text.z_arm_nmi
                0x0000000000005e78        0xe zephyr/arch/arch/arm/core/libarch__arm__core.a(nmi.c.obj)
                0x0000000000005e78                z_arm_nmi
 .text.z_irq_spurious
                0x0000000000005e86        0x8 zephyr/arch/arch/arm/core/cortex_m/libarch__arm__core__cortex_m.a(irq_manage.c.obj)
                0x0000000000005e86                z_irq_spurious
 .text.configure_builtin_stack_guard
                0x0000000000005e8e        0x8 zephyr/arch/arch/arm/core/cortex_m/libarch__arm__core__cortex_m.a(thread.c.obj)
                0x0000000000005e8e                configure_builtin_stack_guard
 .text.arch_irq_unlock_outlined
                0x0000000000005e96        0xe zephyr/arch/arch/arm/core/cortex_m/libarch__arm__core__cortex_m.a(thread.c.obj)
                0x0000000000005e96                arch_irq_unlock_outlined
 .text.arch_cpu_idle
                0x0000000000005ea4       0x1a zephyr/arch/arch/arm/core/cortex_m/libarch__arm__core__cortex_m.a(cpu_idle.c.obj)
                0x0000000000005ea4                arch_cpu_idle
 .text.arch_cpu_atomic_idle
                0x0000000000005ebe       0x1e zephyr/arch/arch/arm/core/cortex_m/libarch__arm__core__cortex_m.a(cpu_idle.c.obj)
                0x0000000000005ebe                arch_cpu_atomic_idle
 .text.arm_cmse_mpu_region_get
                0x0000000000005edc       0x12 zephyr/arch/arch/arm/core/cortex_m/cmse/libarch__arm__core__cortex_m__cmse.a(arm_core_cmse.c.obj)
                0x0000000000005edc                arm_cmse_mpu_region_get
 .text.mpu_configure_region
                0x0000000000005eee       0x32 zephyr/arch/arch/arm/core/mpu/libarch__arm__core__mpu.a(arm_mpu.c.obj)
 .text.picolibc_put
                0x0000000000005f20        0xa zephyr/lib/libc/picolibc/liblib__libc__picolibc.a(stdio.c.obj)
 .text.get_status
                0x0000000000005f2a       0x12 zephyr/drivers/clock_control/libdrivers__clock_control.a(clock_control_nrf.c.obj)
 .text.stop     0x0000000000005f3c       0x52 zephyr/drivers/clock_control/libdrivers__clock_control.a(clock_control_nrf.c.obj)
 .text.api_stop
                0x0000000000005f8e        0x6 zephyr/drivers/clock_control/libdrivers__clock_control.a(clock_control_nrf.c.obj)
 .text.async_start
                0x0000000000005f94       0x5c zephyr/drivers/clock_control/libdrivers__clock_control.a(clock_control_nrf.c.obj)
 .text.api_start
                0x0000000000005ff0        0xe zephyr/drivers/clock_control/libdrivers__clock_control.a(clock_control_nrf.c.obj)
 .text.onoff_started_callback
                0x0000000000005ffe       0x12 zephyr/drivers/clock_control/libdrivers__clock_control.a(clock_control_nrf.c.obj)
 .text.lfclk_start
                0x0000000000006010        0x6 zephyr/drivers/clock_control/libdrivers__clock_control.a(clock_control_nrf.c.obj)
 .text.lfclk_stop
                0x0000000000006016        0x6 zephyr/drivers/clock_control/libdrivers__clock_control.a(clock_control_nrf.c.obj)
 .text.blocking_start_callback
                0x000000000000601c        0x6 zephyr/drivers/clock_control/libdrivers__clock_control.a(clock_control_nrf.c.obj)
 .text.clock_event_handler
                0x0000000000006022       0x14 zephyr/drivers/clock_control/libdrivers__clock_control.a(clock_control_nrf.c.obj)
 .text.nrf_cracen_get_entropy
                0x0000000000006036        0xe zephyr/drivers/entropy/libdrivers__entropy.a(entropy_nrf_cracen.c.obj)
 .text.entropy_psa_crypto_rng_get_entropy
                0x0000000000006044       0x14 zephyr/drivers/entropy/libdrivers__entropy.a(entropy_psa_crypto.c.obj)
 .text.entropy_psa_crypto_rng_init
                0x0000000000006058       0x10 zephyr/drivers/entropy/libdrivers__entropy.a(entropy_psa_crypto.c.obj)
 .text.gpio_nrfx_port_get_raw
                0x0000000000006068        0xc zephyr/drivers/gpio/libdrivers__gpio.a(gpio_nrfx.c.obj)
 .text.gpio_nrfx_port_set_masked_raw
                0x0000000000006074       0x14 zephyr/drivers/gpio/libdrivers__gpio.a(gpio_nrfx.c.obj)
 .text.gpio_nrfx_port_set_bits_raw
                0x0000000000006088        0xa zephyr/drivers/gpio/libdrivers__gpio.a(gpio_nrfx.c.obj)
 .text.gpio_nrfx_port_clear_bits_raw
                0x0000000000006092        0xa zephyr/drivers/gpio/libdrivers__gpio.a(gpio_nrfx.c.obj)
 .text.gpio_nrfx_port_toggle_bits
                0x000000000000609c       0x14 zephyr/drivers/gpio/libdrivers__gpio.a(gpio_nrfx.c.obj)
 .text.gpio_nrfx_manage_callback
                0x00000000000060b0       0x52 zephyr/drivers/gpio/libdrivers__gpio.a(gpio_nrfx.c.obj)
 .text.pinctrl_lookup_state
                0x0000000000006102       0x26 zephyr/drivers/pinctrl/libdrivers__pinctrl.a(common.c.obj)
                0x0000000000006102                pinctrl_lookup_state
 .text.uarte_nrfx_isr_int
                0x0000000000006128        0xa zephyr/drivers/serial/libdrivers__serial.a(uart_nrfx_uarte.c.obj)
 .text.uarte_nrfx_err_check
                0x0000000000006132        0xe zephyr/drivers/serial/libdrivers__serial.a(uart_nrfx_uarte.c.obj)
 .text.uarte_nrfx_poll_in
                0x0000000000006140       0x26 zephyr/drivers/serial/libdrivers__serial.a(uart_nrfx_uarte.c.obj)
 .text.pinctrl_apply_state.isra.0
                0x0000000000006166       0x1e zephyr/drivers/serial/libdrivers__serial.a(uart_nrfx_uarte.c.obj)
 .text.uarte_20_init
                0x0000000000006184       0xc6 zephyr/drivers/serial/libdrivers__serial.a(uart_nrfx_uarte.c.obj)
 .text.counter  0x000000000000624a       0x12 zephyr/drivers/timer/libdrivers__timer.a(nrf_grtc_timer.c.obj)
 .text.sys_clock_cycle_get_32
                0x000000000000625c       0x1e zephyr/drivers/timer/libdrivers__timer.a(nrf_grtc_timer.c.obj)
                0x000000000000625c                sys_clock_cycle_get_32
 .text._psa_crypto_init
                0x000000000000627a       0x1e modules/nrf/subsys/nrf_security/src/zephyr/libmbedtls_zephyr.a(psa_crypto_init.c.obj)
 .text.nrfx_isr
                0x0000000000006298        0x2 modules/hal_nordic/modules/hal_nordic/nrfx/libmodules__hal_nordic__nrfx.a(nrfx_glue.c.obj)
                0x0000000000006298                nrfx_isr
 .text.nrfx_busy_wait
                0x000000000000629a        0x4 modules/hal_nordic/modules/hal_nordic/nrfx/libmodules__hal_nordic__nrfx.a(nrfx_glue.c.obj)
                0x000000000000629a                nrfx_busy_wait
 .text.nrfx_clock_stop
                0x000000000000629e        0x4 modules/hal_nordic/modules/hal_nordic/nrfx/libmodules__hal_nordic__nrfx.a(nrfx_clock.c.obj)
                0x000000000000629e                nrfx_clock_stop
 .text.nrf_gpio_reconfigure
                0x00000000000062a2       0x92 modules/hal_nordic/modules/hal_nordic/nrfx/libmodules__hal_nordic__nrfx.a(nrfx_gpiote.c.obj)
 .text.nrf_gpio_cfg_sense_set
                0x0000000000006334       0x1e modules/hal_nordic/modules/hal_nordic/nrfx/libmodules__hal_nordic__nrfx.a(nrfx_gpiote.c.obj)
 .text.call_handler
                0x0000000000006352       0x3e modules/hal_nordic/modules/hal_nordic/nrfx/libmodules__hal_nordic__nrfx.a(nrfx_gpiote.c.obj)
 .text.__nrfy_internal_gpiote_events_process
                0x0000000000006390       0x4e modules/hal_nordic/modules/hal_nordic/nrfx/libmodules__hal_nordic__nrfx.a(nrfx_gpiote.c.obj)
 .text.pin_trigger_disable
                0x00000000000063de       0x4a modules/hal_nordic/modules/hal_nordic/nrfx/libmodules__hal_nordic__nrfx.a(nrfx_gpiote.c.obj)
 .text.nrfx_gpiote_pin_uninit
                0x0000000000006428        0x4 modules/hal_nordic/modules/hal_nordic/nrfx/libmodules__hal_nordic__nrfx.a(nrfx_gpiote.c.obj)
                0x0000000000006428                nrfx_gpiote_pin_uninit
 .text.nrfx_gpiote_trigger_disable
                0x000000000000642c        0x4 modules/hal_nordic/modules/hal_nordic/nrfx/libmodules__hal_nordic__nrfx.a(nrfx_gpiote.c.obj)
                0x000000000000642c                nrfx_gpiote_trigger_disable
 .text.nrfx_rramc_write_enable_set
                0x0000000000006430        0x6 modules/hal_nordic/modules/hal_nordic/nrfx/libmodules__hal_nordic__nrfx.a(nrfx_rramc.c.obj)
                0x0000000000006430                nrfx_rramc_write_enable_set
 .text.z_impl_k_busy_wait
                0x0000000000006436        0x8 zephyr/kernel/libkernel.a(busy_wait.c.obj)
                0x0000000000006436                z_impl_k_busy_wait
 .text.z_device_state_init
                0x000000000000643e        0x2 zephyr/kernel/libkernel.a(device.c.obj)
                0x000000000000643e                z_device_state_init
 .text.z_impl_device_is_ready
                0x0000000000006440       0x16 zephyr/kernel/libkernel.a(device.c.obj)
                0x0000000000006440                z_impl_device_is_ready
 .text.arch_system_halt
                0x0000000000006456       0x10 zephyr/kernel/libkernel.a(fatal.c.obj)
                0x0000000000006456                arch_system_halt
 .text.k_sys_fatal_error_handler
                0x0000000000006466        0x6 zephyr/kernel/libkernel.a(fatal.c.obj)
                0x0000000000006466                k_sys_fatal_error_handler
 .text.do_device_init
                0x000000000000646c       0x2e zephyr/kernel/libkernel.a(init.c.obj)
 .text.z_early_memset
                0x000000000000649a        0x4 zephyr/kernel/libkernel.a(init.c.obj)
                0x000000000000649a                z_early_memset
 .text.z_early_memcpy
                0x000000000000649e        0x4 zephyr/kernel/libkernel.a(init.c.obj)
                0x000000000000649e                z_early_memcpy
 .text.idle     0x00000000000064a2       0x16 zephyr/kernel/libkernel.a(idle.c.obj)
                0x00000000000064a2                idle
 .text.adjust_owner_prio.isra.0
                0x00000000000064b8       0x10 zephyr/kernel/libkernel.a(mutex.c.obj)
 .text.k_is_in_isr
                0x00000000000064c8        0xc zephyr/kernel/libkernel.a(thread.c.obj)
                0x00000000000064c8                k_is_in_isr
 .text.sys_dlist_remove
                0x00000000000064d4       0x10 zephyr/kernel/libkernel.a(sched.c.obj)
 .text.unpend_thread_no_timeout
                0x00000000000064e4       0x14 zephyr/kernel/libkernel.a(sched.c.obj)
 .text.add_to_waitq_locked
                0x00000000000064f8       0x50 zephyr/kernel/libkernel.a(sched.c.obj)
 .text.z_ready_thread
                0x0000000000006548       0x1e zephyr/kernel/libkernel.a(sched.c.obj)
                0x0000000000006548                z_ready_thread
 .text.z_sched_wake_thread
                0x0000000000006566       0x46 zephyr/kernel/libkernel.a(sched.c.obj)
                0x0000000000006566                z_sched_wake_thread
 .text.z_thread_timeout
                0x00000000000065ac        0x8 zephyr/kernel/libkernel.a(sched.c.obj)
                0x00000000000065ac                z_thread_timeout
 .text.z_sched_waitq_walk
                0x00000000000065b4       0x44 zephyr/kernel/libkernel.a(sched.c.obj)
                0x00000000000065b4                z_sched_waitq_walk
 .text.next_timeout
                0x00000000000065f8       0x2e zephyr/kernel/libkernel.a(timeout.c.obj)
 .text.z_abort_timeout
                0x0000000000006626       0x50 zephyr/kernel/libkernel.a(timeout.c.obj)
                0x0000000000006626                z_abort_timeout
 .text.sys_clock_tick_get_32
                0x0000000000006676        0x8 zephyr/kernel/libkernel.a(timeout.c.obj)
                0x0000000000006676                sys_clock_tick_get_32
 .text.psa_remove_key_data_from_memory
                0x000000000000667e       0x16 modules/nrf/subsys/nrf_security/src/core/nrf_oberon/libpsa_core.a(psa_crypto.c.obj)
                0x000000000000667e                psa_remove_key_data_from_memory
 .text.psa_wipe_key_slot
                0x0000000000006694       0x3a modules/nrf/subsys/nrf_security/src/core/nrf_oberon/libpsa_core.a(psa_crypto.c.obj)
                0x0000000000006694                psa_wipe_key_slot
 .text.psa_driver_wrapper_init
                0x00000000000066ce        0x4 modules/nrf/subsys/nrf_security/src/core/nrf_oberon/libpsa_core.a(psa_crypto_driver_wrappers.c.obj)
                0x00000000000066ce                psa_driver_wrapper_init
 .text.psa_driver_wrapper_free
                0x00000000000066d2        0x2 modules/nrf/subsys/nrf_security/src/core/nrf_oberon/libpsa_core.a(psa_crypto_driver_wrappers.c.obj)
                0x00000000000066d2                psa_driver_wrapper_free
 .text.psa_driver_wrapper_init_random
                0x00000000000066d4        0x6 modules/nrf/subsys/nrf_security/src/core/nrf_oberon/libpsa_core.a(psa_crypto_driver_wrappers.c.obj)
                0x00000000000066d4                psa_driver_wrapper_init_random
 .text.psa_driver_wrapper_get_random
                0x00000000000066da        0x6 modules/nrf/subsys/nrf_security/src/core/nrf_oberon/libpsa_core.a(psa_crypto_driver_wrappers.c.obj)
                0x00000000000066da                psa_driver_wrapper_get_random
 .text.psa_driver_wrapper_free_random
                0x00000000000066e0        0x6 modules/nrf/subsys/nrf_security/src/core/nrf_oberon/libpsa_core.a(psa_crypto_driver_wrappers.c.obj)
                0x00000000000066e0                psa_driver_wrapper_free_random
 .text.platform_free_uninit
                0x00000000000066e6        0x2 modules/nrf/subsys/nrf_security/src/core/nrf_oberon/libpsa_core.a(platform.c.obj)
 .text.mbedtls_zeroize_and_free
                0x00000000000066e8       0x14 modules/nrf/subsys/nrf_security/src/core/nrf_oberon/libpsa_core.a(platform_util.c.obj)
                0x00000000000066e8                mbedtls_zeroize_and_free
 .text.silex_statuscodes_to_psa
                0x00000000000066fc       0xbc modules/nrf/subsys/nrf_security/src/drivers/cracen/libcracen_psa_driver.a(common.c.obj)
                0x00000000000066fc                silex_statuscodes_to_psa
 .text.cracen_xorbytes
                0x00000000000067b8       0x1a modules/nrf/subsys/nrf_security/src/drivers/cracen/libcracen_psa_driver.a(common.c.obj)
                0x00000000000067b8                cracen_xorbytes
 .text.cracen_be_add
                0x00000000000067d2       0x14 modules/nrf/subsys/nrf_security/src/drivers/cracen/libcracen_psa_driver.a(common.c.obj)
                0x00000000000067d2                cracen_be_add
 .text.safe_memset
                0x00000000000067e6       0x16 modules/nrf/subsys/nrf_security/src/drivers/cracen/libcracen_psa_driver.a(mem_helpers.c.obj)
                0x00000000000067e6                safe_memset
 .text.safe_memzero
                0x00000000000067fc       0x18 modules/nrf/subsys/nrf_security/src/drivers/cracen/libcracen_psa_driver.a(mem_helpers.c.obj)
                0x00000000000067fc                safe_memzero
 .text.psa_extend_key_usage_flags
                0x0000000000006814       0x1a modules/nrf/subsys/nrf_security/src/drivers/cracen/libcracen_psa_driver.a(ctr_drbg.c.obj)
 .text.trng_get_seed.constprop.0
                0x000000000000682e       0x3a modules/nrf/subsys/nrf_security/src/drivers/cracen/libcracen_psa_driver.a(ctr_drbg.c.obj)
 .text.cracen_free_random
                0x0000000000006868        0x4 modules/nrf/subsys/nrf_security/src/drivers/cracen/libcracen_psa_driver.a(ctr_drbg.c.obj)
                0x0000000000006868                cracen_free_random
 .text.lib_kmu_is_slot_empty
                0x000000000000686c       0x14 modules/nrf/subsys/nrf_security/src/drivers/cracen/libcracen_psa_driver.a(lib_kmu.c.obj)
                0x000000000000686c                lib_kmu_is_slot_empty
 .text.psa_set_key_usage_flags
                0x0000000000006880       0x14 modules/nrf/subsys/nrf_security/src/drivers/cracen/libcracen_psa_driver.a(kmu.c.obj)
 .text.set_provisioning_in_progress
                0x0000000000006894       0x30 modules/nrf/subsys/nrf_security/src/drivers/cracen/libcracen_psa_driver.a(kmu.c.obj)
 .text.clean_up_unfinished_provisioning
                0x00000000000068c4       0x46 modules/nrf/subsys/nrf_security/src/drivers/cracen/libcracen_psa_driver.a(kmu.c.obj)
 .text.sx_cmdma_reset
                0x000000000000690a       0x42 modules/nrf/subsys/nrf_security/src/drivers/cracen/libcracen_psa_driver.a(cmdma.c.obj)
                0x000000000000690a                sx_cmdma_reset
 .text.sx_cmdma_check
                0x000000000000694c       0x4e modules/nrf/subsys/nrf_security/src/drivers/cracen/libcracen_psa_driver.a(cmdma.c.obj)
                0x000000000000694c                sx_cmdma_check
 .text.sx_trng_close
                0x000000000000699a       0x14 modules/nrf/subsys/nrf_security/src/drivers/cracen/libcracen_psa_driver.a(trng.c.obj)
                0x000000000000699a                sx_trng_close
 .text.sx_clear_interrupt
                0x00000000000069ae       0x1a modules/nrf/subsys/nrf_security/src/drivers/cracen/libcracen_psa_driver.a(pk_baremetal.c.obj)
                0x00000000000069ae                sx_clear_interrupt
 .text.convert_ba414_capabilities
                0x00000000000069c8       0x4c modules/nrf/subsys/nrf_security/src/drivers/cracen/libcracen_psa_driver.a(ba414_status.c.obj)
                0x00000000000069c8                convert_ba414_capabilities
 .text.sx_pk_is_ik_cmd
                0x0000000000006a14        0xa modules/nrf/subsys/nrf_security/src/drivers/cracen/libcracen_psa_driver.a(ikhardware.c.obj)
                0x0000000000006a14                sx_pk_is_ik_cmd
 .text.mbedtls_mutex_unlock_fn
                0x0000000000006a1e        0x4 modules/nrf/subsys/nrf_security/src/libmbedcrypto_base.a(threading_alt.c.obj)
                0x0000000000006a1e                mbedtls_mutex_unlock_fn
 .text.mbedtls_mutex_lock_fn
                0x0000000000006a22        0xc modules/nrf/subsys/nrf_security/src/libmbedcrypto_base.a(threading_alt.c.obj)
                0x0000000000006a22                mbedtls_mutex_lock_fn
 .text.nrf_security_mutex_lock
                0x0000000000006a2e        0xc modules/nrf/subsys/nrf_security/src/libnrf_security_utils.a(nrf_security_mutexes.c.obj)
                0x0000000000006a2e                nrf_security_mutex_lock
 .text.nrf_security_mutex_unlock
                0x0000000000006a3a        0x4 modules/nrf/subsys/nrf_security/src/libnrf_security_utils.a(nrf_security_mutexes.c.obj)
                0x0000000000006a3a                nrf_security_mutex_unlock
 .text.nrf_security_event_init
                0x0000000000006a3e        0x4 modules/nrf/subsys/nrf_security/src/libnrf_security_utils.a(nrf_security_events.c.obj)
                0x0000000000006a3e                nrf_security_event_init
 .text.nrf_security_event_wait
                0x0000000000006a42       0x1a modules/nrf/subsys/nrf_security/src/libnrf_security_utils.a(nrf_security_events.c.obj)
                0x0000000000006a42                nrf_security_event_wait
 .text.nrf_security_event_clear
                0x0000000000006a5c        0x4 modules/nrf/subsys/nrf_security/src/libnrf_security_utils.a(nrf_security_events.c.obj)
                0x0000000000006a5c                nrf_security_event_clear
 .text.nrf_security_event_set
                0x0000000000006a60        0x4 modules/nrf/subsys/nrf_security/src/libnrf_security_utils.a(nrf_security_events.c.obj)
                0x0000000000006a60                nrf_security_event_set
 .text.k_event_wait_internal
                0x0000000000006a64       0x82 zephyr/kernel/libkernel.a(events.c.obj)
 .text.event_walk_op
                0x0000000000006ae6       0x30 zephyr/kernel/libkernel.a(events.c.obj)
 .text.z_impl_k_event_init
                0x0000000000006b16        0xa zephyr/kernel/libkernel.a(events.c.obj)
                0x0000000000006b16                z_impl_k_event_init
 .text.z_impl_k_event_set
                0x0000000000006b20        0x8 zephyr/kernel/libkernel.a(events.c.obj)
                0x0000000000006b20                z_impl_k_event_set
 .text.z_impl_k_event_clear
                0x0000000000006b28        0x8 zephyr/kernel/libkernel.a(events.c.obj)
                0x0000000000006b28                z_impl_k_event_clear
 .text.z_impl_k_event_wait
                0x0000000000006b30        0x6 zephyr/kernel/libkernel.a(events.c.obj)
                0x0000000000006b30                z_impl_k_event_wait
 .text.memcpy   0x0000000000006b36       0x1a /home/ewout-laptop-ubuntu/ncs/toolchains/c5be9c56c7/opt/zephyr-sdk/arm-zephyr-eabi/bin/../lib/gcc/../../picolibc/arm-zephyr-eabi/lib/thumb/v8-m.main/nofp/libc.a(memcpy.c.o)
                0x0000000000006b36                memcpy
                0x0000000000006b36                __aeabi_memcpy
                0x0000000000006b36                __aeabi_memcpy4
                0x0000000000006b36                __aeabi_memcpy8
 .text.memset   0x0000000000006b50       0x10 /home/ewout-laptop-ubuntu/ncs/toolchains/c5be9c56c7/opt/zephyr-sdk/arm-zephyr-eabi/bin/../lib/gcc/../../picolibc/arm-zephyr-eabi/lib/thumb/v8-m.main/nofp/libc.a(memset.c.o)
                0x0000000000006b50                memset
 .text.strnlen  0x0000000000006b60       0x18 /home/ewout-laptop-ubuntu/ncs/toolchains/c5be9c56c7/opt/zephyr-sdk/arm-zephyr-eabi/bin/../lib/gcc/../../picolibc/arm-zephyr-eabi/lib/thumb/v8-m.main/nofp/libc.a(libc_string_strnlen.c.o)
                0x0000000000006b60                strnlen
 .text.__ultoa_invert
                0x0000000000006b78       0xac /home/ewout-laptop-ubuntu/ncs/toolchains/c5be9c56c7/opt/zephyr-sdk/arm-zephyr-eabi/bin/../lib/gcc/../../picolibc/arm-zephyr-eabi/lib/thumb/v8-m.main/nofp/libc.a(libc_tinystdio_vflprintf.c.o)
 .text.fputc    0x0000000000006c24       0x28 /home/ewout-laptop-ubuntu/ncs/toolchains/c5be9c56c7/opt/zephyr-sdk/arm-zephyr-eabi/bin/../lib/gcc/../../picolibc/arm-zephyr-eabi/lib/thumb/v8-m.main/nofp/libc.a(libc_tinystdio_fputc.c.o)
                0x0000000000006c24                putc_unlocked
                0x0000000000006c24                putc
                0x0000000000006c24                fputc
 *(SORT_BY_ALIGNMENT(.TEXT.*))
 .TEXT.__aeabi_read_tp
                0x0000000000006c4c        0xc zephyr/arch/arch/arm/core/cortex_m/libarch__arm__core__cortex_m.a(__aeabi_read_tp.S.obj)
                0x0000000000006c4c                __aeabi_read_tp
 *(SORT_BY_ALIGNMENT(.gnu.linkonce.t.*))
 *(SORT_BY_ALIGNMENT(.glue_7t))
 .glue_7t       0x0000000000006c58        0x0 linker stubs
 *(SORT_BY_ALIGNMENT(.glue_7))
 .glue_7        0x0000000000006c58        0x0 linker stubs
 *(SORT_BY_ALIGNMENT(.vfp11_veneer))
 .vfp11_veneer  0x0000000000006c58        0x0 linker stubs
 *(SORT_BY_ALIGNMENT(.v4_bx))
 .v4_bx         0x0000000000006c58        0x0 linker stubs
                0x0000000000006c58                . = ALIGN (0x4)
                0x0000000000006c58                __text_region_end = .

.ARM.exidx      0x0000000000006c58        0x8
                0x0000000000006c58                __exidx_start = .
 *(SORT_BY_ALIGNMENT(.ARM.exidx*) SORT_BY_ALIGNMENT(gnu.linkonce.armexidx.*))
 .ARM.exidx     0x0000000000006c58        0x8 /home/ewout-laptop-ubuntu/ncs/toolchains/c5be9c56c7/opt/zephyr-sdk/arm-zephyr-eabi/bin/../lib/gcc/arm-zephyr-eabi/12.2.0/thumb/v8-m.main/nofp/libgcc.a(_udivmoddi4.o)
                0x0000000000006c60                __exidx_end = .
                0x0000000000006c60                __rodata_region_start = .

initlevel       0x0000000000006c60       0x60
                0x0000000000006c60                __init_start = .
                0x0000000000006c60                __init_EARLY_start = .
 *(SORT_BY_NAME(SORT_BY_ALIGNMENT(.z_init_EARLY_P_?_*)))
 *(SORT_BY_NAME(SORT_BY_ALIGNMENT(.z_init_EARLY_P_??_*)))
 *(SORT_BY_NAME(SORT_BY_ALIGNMENT(.z_init_EARLY_P_???_*)))
                0x0000000000006c60                __init_PRE_KERNEL_1_start = .
 *(SORT_BY_NAME(SORT_BY_ALIGNMENT(.z_init_PRE_KERNEL_1_P_?_*)))
 .z_init_PRE_KERNEL_1_P_0_SUB_0_
                0x0000000000006c60        0x8 zephyr/soc/soc/nrf54l15/libsoc__nordic.a(soc.c.obj)
 *(SORT_BY_NAME(SORT_BY_ALIGNMENT(.z_init_PRE_KERNEL_1_P_??_*)))
 .z_init_PRE_KERNEL_1_P_30_SUB_00058_
                0x0000000000006c68        0x8 zephyr/drivers/clock_control/libdrivers__clock_control.a(clock_control_nrf.c.obj)
 .z_init_PRE_KERNEL_1_P_40_SUB_00011_
                0x0000000000006c70        0x8 zephyr/drivers/gpio/libdrivers__gpio.a(gpio_nrfx.c.obj)
 .z_init_PRE_KERNEL_1_P_40_SUB_00013_
                0x0000000000006c78        0x8 zephyr/drivers/gpio/libdrivers__gpio.a(gpio_nrfx.c.obj)
 .z_init_PRE_KERNEL_1_P_40_SUB_00024_
                0x0000000000006c80        0x8 zephyr/drivers/gpio/libdrivers__gpio.a(gpio_nrfx.c.obj)
 .z_init_PRE_KERNEL_1_P_50_SUB_00004_
                0x0000000000006c88        0x8 zephyr/drivers/entropy/libdrivers__entropy.a(entropy_psa_crypto.c.obj)
 .z_init_PRE_KERNEL_1_P_50_SUB_00005_
                0x0000000000006c90        0x8 zephyr/drivers/entropy/libdrivers__entropy.a(entropy_nrf_cracen.c.obj)
 .z_init_PRE_KERNEL_1_P_50_SUB_00103_
                0x0000000000006c98        0x8 zephyr/drivers/serial/libdrivers__serial.a(uart_nrfx_uarte.c.obj)
 .z_init_PRE_KERNEL_1_P_60_SUB_0_
                0x0000000000006ca0        0x8 zephyr/drivers/console/libdrivers__console.a(uart_console.c.obj)
 *(SORT_BY_NAME(SORT_BY_ALIGNMENT(.z_init_PRE_KERNEL_1_P_???_*)))
                0x0000000000006ca8                __init_PRE_KERNEL_2_start = .
 *(SORT_BY_NAME(SORT_BY_ALIGNMENT(.z_init_PRE_KERNEL_2_P_?_*)))
 .z_init_PRE_KERNEL_2_P_0_SUB_0_
                0x0000000000006ca8        0x8 zephyr/drivers/timer/libdrivers__timer.a(nrf_grtc_timer.c.obj)
 *(SORT_BY_NAME(SORT_BY_ALIGNMENT(.z_init_PRE_KERNEL_2_P_??_*)))
 *(SORT_BY_NAME(SORT_BY_ALIGNMENT(.z_init_PRE_KERNEL_2_P_???_*)))
                0x0000000000006cb0                __init_POST_KERNEL_start = .
 *(SORT_BY_NAME(SORT_BY_ALIGNMENT(.z_init_POST_KERNEL_P_?_*)))
 *(SORT_BY_NAME(SORT_BY_ALIGNMENT(.z_init_POST_KERNEL_P_??_*)))
 .z_init_POST_KERNEL_P_35_SUB_0_
                0x0000000000006cb0        0x8 zephyr/lib/libc/common/liblib__libc__common.a(malloc.c.obj)
 .z_init_POST_KERNEL_P_50_SUB_0_
                0x0000000000006cb8        0x8 modules/nrf/subsys/nrf_security/src/zephyr/libmbedtls_zephyr.a(psa_crypto_init.c.obj)
 *(SORT_BY_NAME(SORT_BY_ALIGNMENT(.z_init_POST_KERNEL_P_???_*)))
                0x0000000000006cc0                __init_APPLICATION_start = .
 *(SORT_BY_NAME(SORT_BY_ALIGNMENT(.z_init_APPLICATION_P_?_*)))
 *(SORT_BY_NAME(SORT_BY_ALIGNMENT(.z_init_APPLICATION_P_??_*)))
 *(SORT_BY_NAME(SORT_BY_ALIGNMENT(.z_init_APPLICATION_P_???_*)))
                0x0000000000006cc0                __init_SMP_start = .
 *(SORT_BY_NAME(SORT_BY_ALIGNMENT(.z_init_SMP_P_?_*)))
 *(SORT_BY_NAME(SORT_BY_ALIGNMENT(.z_init_SMP_P_??_*)))
 *(SORT_BY_NAME(SORT_BY_ALIGNMENT(.z_init_SMP_P_???_*)))
                0x0000000000006cc0                __init_end = .

device_area     0x0000000000006cc0       0xe0
                0x0000000000006cc0                _device_list_start = .
 *(SORT_BY_NAME(SORT_BY_ALIGNMENT(._device.static.*_?_*)))
 *(SORT_BY_NAME(SORT_BY_ALIGNMENT(._device.static.*_??_*)))
 ._device.static.1_30_
                0x0000000000006cc0       0x20 zephyr/drivers/clock_control/libdrivers__clock_control.a(clock_control_nrf.c.obj)
                0x0000000000006cc0                __device_dts_ord_58
 ._device.static.1_40_
                0x0000000000006ce0       0x60 zephyr/drivers/gpio/libdrivers__gpio.a(gpio_nrfx.c.obj)
                0x0000000000006ce0                __device_dts_ord_13
                0x0000000000006d00                __device_dts_ord_11
                0x0000000000006d20                __device_dts_ord_24
 ._device.static.1_50_
                0x0000000000006d40       0x20 zephyr/drivers/entropy/libdrivers__entropy.a(entropy_nrf_cracen.c.obj)
                0x0000000000006d40                __device_dts_ord_5
 ._device.static.1_50_
                0x0000000000006d60       0x20 zephyr/drivers/entropy/libdrivers__entropy.a(entropy_psa_crypto.c.obj)
                0x0000000000006d60                __device_dts_ord_4
 ._device.static.1_50_
                0x0000000000006d80       0x20 zephyr/drivers/serial/libdrivers__serial.a(uart_nrfx_uarte.c.obj)
                0x0000000000006d80                __device_dts_ord_103
 *(SORT_BY_NAME(SORT_BY_ALIGNMENT(._device.static.*_???_*)))
 *(SORT_BY_NAME(SORT_BY_ALIGNMENT(._device.static.*_????_*)))
 *(SORT_BY_NAME(SORT_BY_ALIGNMENT(._device.static.*_?????_*)))
                0x0000000000006da0                _device_list_end = .

sw_isr_table    0x0000000000006da0      0x878
                0x0000000000006da0                . = ALIGN (0x4)
 *(SORT_BY_ALIGNMENT(.gnu.linkonce.sw_isr_table*))
 .gnu.linkonce.sw_isr_table
                0x0000000000006da0      0x878 zephyr/CMakeFiles/zephyr_final.dir/isr_tables.c.obj
                0x0000000000006da0                _sw_isr_table

initlevel_error
                0x0000000000006c60        0x0
 *(SORT_BY_NAME(SORT_BY_ALIGNMENT(.z_init_*)))
                0x0000000000000001                ASSERT ((SIZEOF (initlevel_error) == 0x0), Undefined initialization levels used.)

app_shmem_regions
                0x0000000000007618        0x0
                0x0000000000007618                __app_shmem_regions_start = .
 *(SORT_BY_NAME(SORT_BY_ALIGNMENT(.app_regions.*)))
                0x0000000000007618                __app_shmem_regions_end = .

k_p4wq_initparam_area
                0x0000000000007618        0x0
                0x0000000000007618                _k_p4wq_initparam_list_start = .
 *(SORT_BY_NAME(SORT_BY_ALIGNMENT(._k_p4wq_initparam.static.*)))
                0x0000000000007618                _k_p4wq_initparam_list_end = .

_static_thread_data_area
                0x0000000000007618        0x0
                0x0000000000007618                __static_thread_data_list_start = .
 *(SORT_BY_NAME(SORT_BY_ALIGNMENT(.__static_thread_data.static.*)))
                0x0000000000007618                __static_thread_data_list_end = .

device_deps     0x0000000000007618        0x0
                0x0000000000007618                __device_deps_start = .
 *(SORT_BY_NAME(SORT_BY_ALIGNMENT(.__device_deps_pass2*)))
                0x0000000000007618                __device_deps_end = .

entropy_driver_api_area
                0x0000000000007618       0x10
                0x0000000000007618                _entropy_driver_api_list_start = .
 *(SORT_BY_NAME(SORT_BY_ALIGNMENT(._entropy_driver_api.static.*)))
 ._entropy_driver_api.static.entropy_psa_crypto_rng_api_
                0x0000000000007618        0x8 zephyr/drivers/entropy/libdrivers__entropy.a(entropy_psa_crypto.c.obj)
 ._entropy_driver_api.static.nrf_cracen_api_funcs_
                0x0000000000007620        0x8 zephyr/drivers/entropy/libdrivers__entropy.a(entropy_nrf_cracen.c.obj)
                0x0000000000007628                _entropy_driver_api_list_end = .

gpio_driver_api_area
                0x0000000000007628       0x24
                0x0000000000007628                _gpio_driver_api_list_start = .
 *(SORT_BY_NAME(SORT_BY_ALIGNMENT(._gpio_driver_api.static.*)))
 ._gpio_driver_api.static.gpio_nrfx_drv_api_funcs_
                0x0000000000007628       0x24 zephyr/drivers/gpio/libdrivers__gpio.a(gpio_nrfx.c.obj)
                0x000000000000764c                _gpio_driver_api_list_end = .

shared_irq_driver_api_area
                0x000000000000764c        0x0
                0x000000000000764c                _shared_irq_driver_api_list_start = .
 *(SORT_BY_NAME(SORT_BY_ALIGNMENT(._shared_irq_driver_api.static.*)))
                0x000000000000764c                _shared_irq_driver_api_list_end = .

crypto_driver_api_area
                0x000000000000764c        0x0
                0x000000000000764c                _crypto_driver_api_list_start = .
 *(SORT_BY_NAME(SORT_BY_ALIGNMENT(._crypto_driver_api.static.*)))
                0x000000000000764c                _crypto_driver_api_list_end = .

adc_driver_api_area
                0x000000000000764c        0x0
                0x000000000000764c                _adc_driver_api_list_start = .
 *(SORT_BY_NAME(SORT_BY_ALIGNMENT(._adc_driver_api.static.*)))
                0x000000000000764c                _adc_driver_api_list_end = .

auxdisplay_driver_api_area
                0x000000000000764c        0x0
                0x000000000000764c                _auxdisplay_driver_api_list_start = .
 *(SORT_BY_NAME(SORT_BY_ALIGNMENT(._auxdisplay_driver_api.static.*)))
                0x000000000000764c                _auxdisplay_driver_api_list_end = .

bbram_driver_api_area
                0x000000000000764c        0x0
                0x000000000000764c                _bbram_driver_api_list_start = .
 *(SORT_BY_NAME(SORT_BY_ALIGNMENT(._bbram_driver_api.static.*)))
                0x000000000000764c                _bbram_driver_api_list_end = .

bt_hci_driver_api_area
                0x000000000000764c        0x0
                0x000000000000764c                _bt_hci_driver_api_list_start = .
 *(SORT_BY_NAME(SORT_BY_ALIGNMENT(._bt_hci_driver_api.static.*)))
                0x000000000000764c                _bt_hci_driver_api_list_end = .

can_driver_api_area
                0x000000000000764c        0x0
                0x000000000000764c                _can_driver_api_list_start = .
 *(SORT_BY_NAME(SORT_BY_ALIGNMENT(._can_driver_api.static.*)))
                0x000000000000764c                _can_driver_api_list_end = .

cellular_driver_api_area
                0x000000000000764c        0x0
                0x000000000000764c                _cellular_driver_api_list_start = .
 *(SORT_BY_NAME(SORT_BY_ALIGNMENT(._cellular_driver_api.static.*)))
                0x000000000000764c                _cellular_driver_api_list_end = .

charger_driver_api_area
                0x000000000000764c        0x0
                0x000000000000764c                _charger_driver_api_list_start = .
 *(SORT_BY_NAME(SORT_BY_ALIGNMENT(._charger_driver_api.static.*)))
                0x000000000000764c                _charger_driver_api_list_end = .

clock_control_driver_api_area
                0x000000000000764c       0x1c
                0x000000000000764c                _clock_control_driver_api_list_start = .
 *(SORT_BY_NAME(SORT_BY_ALIGNMENT(._clock_control_driver_api.static.*)))
 ._clock_control_driver_api.static.clock_control_api_
                0x000000000000764c       0x1c zephyr/drivers/clock_control/libdrivers__clock_control.a(clock_control_nrf.c.obj)
                0x0000000000007668                _clock_control_driver_api_list_end = .

comparator_driver_api_area
                0x0000000000007668        0x0
                0x0000000000007668                _comparator_driver_api_list_start = .
 *(SORT_BY_NAME(SORT_BY_ALIGNMENT(._comparator_driver_api.static.*)))
                0x0000000000007668                _comparator_driver_api_list_end = .

coredump_driver_api_area
                0x0000000000007668        0x0
                0x0000000000007668                _coredump_driver_api_list_start = .
 *(SORT_BY_NAME(SORT_BY_ALIGNMENT(._coredump_driver_api.static.*)))
                0x0000000000007668                _coredump_driver_api_list_end = .

counter_driver_api_area
                0x0000000000007668        0x0
                0x0000000000007668                _counter_driver_api_list_start = .
 *(SORT_BY_NAME(SORT_BY_ALIGNMENT(._counter_driver_api.static.*)))
                0x0000000000007668                _counter_driver_api_list_end = .

dac_driver_api_area
                0x0000000000007668        0x0
                0x0000000000007668                _dac_driver_api_list_start = .
 *(SORT_BY_NAME(SORT_BY_ALIGNMENT(._dac_driver_api.static.*)))
                0x0000000000007668                _dac_driver_api_list_end = .

dai_driver_api_area
                0x0000000000007668        0x0
                0x0000000000007668                _dai_driver_api_list_start = .
 *(SORT_BY_NAME(SORT_BY_ALIGNMENT(._dai_driver_api.static.*)))
                0x0000000000007668                _dai_driver_api_list_end = .

display_driver_api_area
                0x0000000000007668        0x0
                0x0000000000007668                _display_driver_api_list_start = .
 *(SORT_BY_NAME(SORT_BY_ALIGNMENT(._display_driver_api.static.*)))
                0x0000000000007668                _display_driver_api_list_end = .

dma_driver_api_area
                0x0000000000007668        0x0
                0x0000000000007668                _dma_driver_api_list_start = .
 *(SORT_BY_NAME(SORT_BY_ALIGNMENT(._dma_driver_api.static.*)))
                0x0000000000007668                _dma_driver_api_list_end = .

edac_driver_api_area
                0x0000000000007668        0x0
                0x0000000000007668                _edac_driver_api_list_start = .
 *(SORT_BY_NAME(SORT_BY_ALIGNMENT(._edac_driver_api.static.*)))
                0x0000000000007668                _edac_driver_api_list_end = .

eeprom_driver_api_area
                0x0000000000007668        0x0
                0x0000000000007668                _eeprom_driver_api_list_start = .
 *(SORT_BY_NAME(SORT_BY_ALIGNMENT(._eeprom_driver_api.static.*)))
                0x0000000000007668                _eeprom_driver_api_list_end = .

emul_bbram_driver_api_area
                0x0000000000007668        0x0
                0x0000000000007668                _emul_bbram_driver_api_list_start = .
 *(SORT_BY_NAME(SORT_BY_ALIGNMENT(._emul_bbram_driver_api.static.*)))
                0x0000000000007668                _emul_bbram_driver_api_list_end = .

fuel_gauge_emul_driver_api_area
                0x0000000000007668        0x0
                0x0000000000007668                _fuel_gauge_emul_driver_api_list_start = .
 *(SORT_BY_NAME(SORT_BY_ALIGNMENT(._fuel_gauge_emul_driver_api.static.*)))
                0x0000000000007668                _fuel_gauge_emul_driver_api_list_end = .

emul_sensor_driver_api_area
                0x0000000000007668        0x0
                0x0000000000007668                _emul_sensor_driver_api_list_start = .
 *(SORT_BY_NAME(SORT_BY_ALIGNMENT(._emul_sensor_driver_api.static.*)))
                0x0000000000007668                _emul_sensor_driver_api_list_end = .

espi_driver_api_area
                0x0000000000007668        0x0
                0x0000000000007668                _espi_driver_api_list_start = .
 *(SORT_BY_NAME(SORT_BY_ALIGNMENT(._espi_driver_api.static.*)))
                0x0000000000007668                _espi_driver_api_list_end = .

espi_saf_driver_api_area
                0x0000000000007668        0x0
                0x0000000000007668                _espi_saf_driver_api_list_start = .
 *(SORT_BY_NAME(SORT_BY_ALIGNMENT(._espi_saf_driver_api.static.*)))
                0x0000000000007668                _espi_saf_driver_api_list_end = .

flash_driver_api_area
                0x0000000000007668        0x0
                0x0000000000007668                _flash_driver_api_list_start = .
 *(SORT_BY_NAME(SORT_BY_ALIGNMENT(._flash_driver_api.static.*)))
                0x0000000000007668                _flash_driver_api_list_end = .

fpga_driver_api_area
                0x0000000000007668        0x0
                0x0000000000007668                _fpga_driver_api_list_start = .
 *(SORT_BY_NAME(SORT_BY_ALIGNMENT(._fpga_driver_api.static.*)))
                0x0000000000007668                _fpga_driver_api_list_end = .

fuel_gauge_driver_api_area
                0x0000000000007668        0x0
                0x0000000000007668                _fuel_gauge_driver_api_list_start = .
 *(SORT_BY_NAME(SORT_BY_ALIGNMENT(._fuel_gauge_driver_api.static.*)))
                0x0000000000007668                _fuel_gauge_driver_api_list_end = .

gnss_driver_api_area
                0x0000000000007668        0x0
                0x0000000000007668                _gnss_driver_api_list_start = .
 *(SORT_BY_NAME(SORT_BY_ALIGNMENT(._gnss_driver_api.static.*)))
                0x0000000000007668                _gnss_driver_api_list_end = .

haptics_driver_api_area
                0x0000000000007668        0x0
                0x0000000000007668                _haptics_driver_api_list_start = .
 *(SORT_BY_NAME(SORT_BY_ALIGNMENT(._haptics_driver_api.static.*)))
                0x0000000000007668                _haptics_driver_api_list_end = .

hwspinlock_driver_api_area
                0x0000000000007668        0x0
                0x0000000000007668                _hwspinlock_driver_api_list_start = .
 *(SORT_BY_NAME(SORT_BY_ALIGNMENT(._hwspinlock_driver_api.static.*)))
                0x0000000000007668                _hwspinlock_driver_api_list_end = .

i2c_driver_api_area
                0x0000000000007668        0x0
                0x0000000000007668                _i2c_driver_api_list_start = .
 *(SORT_BY_NAME(SORT_BY_ALIGNMENT(._i2c_driver_api.static.*)))
                0x0000000000007668                _i2c_driver_api_list_end = .

i2c_target_driver_api_area
                0x0000000000007668        0x0
                0x0000000000007668                _i2c_target_driver_api_list_start = .
 *(SORT_BY_NAME(SORT_BY_ALIGNMENT(._i2c_target_driver_api.static.*)))
                0x0000000000007668                _i2c_target_driver_api_list_end = .

i2s_driver_api_area
                0x0000000000007668        0x0
                0x0000000000007668                _i2s_driver_api_list_start = .
 *(SORT_BY_NAME(SORT_BY_ALIGNMENT(._i2s_driver_api.static.*)))
                0x0000000000007668                _i2s_driver_api_list_end = .

i3c_driver_api_area
                0x0000000000007668        0x0
                0x0000000000007668                _i3c_driver_api_list_start = .
 *(SORT_BY_NAME(SORT_BY_ALIGNMENT(._i3c_driver_api.static.*)))
                0x0000000000007668                _i3c_driver_api_list_end = .

ipm_driver_api_area
                0x0000000000007668        0x0
                0x0000000000007668                _ipm_driver_api_list_start = .
 *(SORT_BY_NAME(SORT_BY_ALIGNMENT(._ipm_driver_api.static.*)))
                0x0000000000007668                _ipm_driver_api_list_end = .

led_driver_api_area
                0x0000000000007668        0x0
                0x0000000000007668                _led_driver_api_list_start = .
 *(SORT_BY_NAME(SORT_BY_ALIGNMENT(._led_driver_api.static.*)))
                0x0000000000007668                _led_driver_api_list_end = .

led_strip_driver_api_area
                0x0000000000007668        0x0
                0x0000000000007668                _led_strip_driver_api_list_start = .
 *(SORT_BY_NAME(SORT_BY_ALIGNMENT(._led_strip_driver_api.static.*)))
                0x0000000000007668                _led_strip_driver_api_list_end = .

lora_driver_api_area
                0x0000000000007668        0x0
                0x0000000000007668                _lora_driver_api_list_start = .
 *(SORT_BY_NAME(SORT_BY_ALIGNMENT(._lora_driver_api.static.*)))
                0x0000000000007668                _lora_driver_api_list_end = .

mbox_driver_api_area
                0x0000000000007668        0x0
                0x0000000000007668                _mbox_driver_api_list_start = .
 *(SORT_BY_NAME(SORT_BY_ALIGNMENT(._mbox_driver_api.static.*)))
                0x0000000000007668                _mbox_driver_api_list_end = .

mdio_driver_api_area
                0x0000000000007668        0x0
                0x0000000000007668                _mdio_driver_api_list_start = .
 *(SORT_BY_NAME(SORT_BY_ALIGNMENT(._mdio_driver_api.static.*)))
                0x0000000000007668                _mdio_driver_api_list_end = .

mipi_dbi_driver_api_area
                0x0000000000007668        0x0
                0x0000000000007668                _mipi_dbi_driver_api_list_start = .
 *(SORT_BY_NAME(SORT_BY_ALIGNMENT(._mipi_dbi_driver_api.static.*)))
                0x0000000000007668                _mipi_dbi_driver_api_list_end = .

mipi_dsi_driver_api_area
                0x0000000000007668        0x0
                0x0000000000007668                _mipi_dsi_driver_api_list_start = .
 *(SORT_BY_NAME(SORT_BY_ALIGNMENT(._mipi_dsi_driver_api.static.*)))
                0x0000000000007668                _mipi_dsi_driver_api_list_end = .

mspi_driver_api_area
                0x0000000000007668        0x0
                0x0000000000007668                _mspi_driver_api_list_start = .
 *(SORT_BY_NAME(SORT_BY_ALIGNMENT(._mspi_driver_api.static.*)))
                0x0000000000007668                _mspi_driver_api_list_end = .

peci_driver_api_area
                0x0000000000007668        0x0
                0x0000000000007668                _peci_driver_api_list_start = .
 *(SORT_BY_NAME(SORT_BY_ALIGNMENT(._peci_driver_api.static.*)))
                0x0000000000007668                _peci_driver_api_list_end = .

ps2_driver_api_area
                0x0000000000007668        0x0
                0x0000000000007668                _ps2_driver_api_list_start = .
 *(SORT_BY_NAME(SORT_BY_ALIGNMENT(._ps2_driver_api.static.*)))